Initialized native services in: C:\Users\kirby\.gradle\native
Initialized jansi services in: C:\Users\kirby\.gradle\native
The client will now receive all logging from the daemon (pid: 16272). The daemon log file: C:\Users\kirby\.gradle\daemon\8.11.1\daemon-16272.out.log
Starting 2nd build in daemon [uptime: 58.622 secs, performance: 100%, GC rate: 0.00/s, heap usage: 0% of 4 GiB]
Using 16 worker leases.
Now considering [D:\ax360e++\aX360e] as hierarchies to watch
Watching the file system is configured to be enabled if available
File system watching is active
Starting Build
Settings evaluated using settings file 'D:\ax360e++\aX360e\settings.gradle'.
Using local directory build cache for the root build (location = C:\Users\kirby\.gradle\caches\build-cache-1, remove unused entries = after 7 days).
Projects loaded. Root project using build file 'D:\ax360e++\aX360e\build.gradle'.
Included projects: [root project 'ax360e', project ':app']

> Configure project :
Evaluating root project 'ax360e' using build file 'D:\ax360e++\aX360e\build.gradle'.
Transforming gradle-8.10.1.jar (com.android.tools.build:gradle:8.10.1) with InstrumentationAnalysisTransform
Transforming gradle-settings-api-8.10.1.jar (com.android.tools.build:gradle-settings-api:8.10.1) with InstrumentationAnalysisTransform
Transforming lint-model-31.10.1.jar (com.android.tools.lint:lint-model:31.10.1) with InstrumentationAnalysisTransform
Transforming builder-8.10.1.jar (com.android.tools.build:builder:8.10.1) with InstrumentationAnalysisTransform
Transforming manifest-merger-31.10.1.jar (com.android.tools.build:manifest-merger:31.10.1) with InstrumentationAnalysisTransform
Transforming sdk-common-31.10.1.jar (com.android.tools:sdk-common:31.10.1) with InstrumentationAnalysisTransform
Transforming sdklib-31.10.1.jar (com.android.tools:sdklib:31.10.1) with InstrumentationAnalysisTransform
Transforming repository-31.10.1.jar (com.android.tools:repository:31.10.1) with InstrumentationAnalysisTransform
Transforming gradle-api-8.10.1.jar (com.android.tools.build:gradle-api:8.10.1) with InstrumentationAnalysisTransform
Transforming builder-test-api-8.10.1.jar (com.android.tools.build:builder-test-api:8.10.1) with InstrumentationAnalysisTransform
Transforming ddmlib-31.10.1.jar (com.android.tools.ddms:ddmlib:31.10.1) with InstrumentationAnalysisTransform
Transforming aaptcompiler-8.10.1.jar (com.android.tools.build:aaptcompiler:8.10.1) with InstrumentationAnalysisTransform
Transforming bundletool-1.18.0.jar (com.android.tools.build:bundletool:1.18.0) with InstrumentationAnalysisTransform
Transforming aapt2-proto-8.10.1-12782657.jar (com.android.tools.build:aapt2-proto:8.10.1-12782657) with InstrumentationAnalysisTransform
Transforming crash-31.10.1.jar (com.android.tools.analytics-library:crash:31.10.1) with InstrumentationAnalysisTransform
Transforming tracker-31.10.1.jar (com.android.tools.analytics-library:tracker:31.10.1) with InstrumentationAnalysisTransform
Transforming shared-31.10.1.jar (com.android.tools.analytics-library:shared:31.10.1) with InstrumentationAnalysisTransform
Transforming lint-typedef-remover-31.10.1.jar (com.android.tools.lint:lint-typedef-remover:31.10.1) with InstrumentationAnalysisTransform
Transforming databinding-compiler-common-8.10.1.jar (androidx.databinding:databinding-compiler-common:8.10.1) with InstrumentationAnalysisTransform
Transforming databinding-common-8.10.1.jar (androidx.databinding:databinding-common:8.10.1) with InstrumentationAnalysisTransform
Transforming baseLibrary-8.10.1.jar (com.android.databinding:baseLibrary:8.10.1) with InstrumentationAnalysisTransform
Transforming layoutlib-api-31.10.1.jar (com.android.tools.layoutlib:layoutlib-api:31.10.1) with InstrumentationAnalysisTransform
Transforming android-device-provider-ddmlib-proto-31.10.1.jar (com.android.tools.utp:android-device-provider-ddmlib-proto:31.10.1) with InstrumentationAnalysisTransform
Transforming android-device-provider-gradle-proto-31.10.1.jar (com.android.tools.utp:android-device-provider-gradle-proto:31.10.1) with InstrumentationAnalysisTransform
Transforming android-device-provider-profile-proto-31.10.1.jar (com.android.tools.utp:android-device-provider-profile-proto:31.10.1) with InstrumentationAnalysisTransform
Transforming android-test-plugin-host-additional-test-output-proto-31.10.1.jar (com.android.tools.utp:android-test-plugin-host-additional-test-output-proto:31.10.1) with InstrumentationAnalysisTransform
Transforming android-test-plugin-host-coverage-proto-31.10.1.jar (com.android.tools.utp:android-test-plugin-host-coverage-proto:31.10.1) with InstrumentationAnalysisTransform
Transforming android-test-plugin-host-emulator-control-proto-31.10.1.jar (com.android.tools.utp:android-test-plugin-host-emulator-control-proto:31.10.1) with InstrumentationAnalysisTransform
Transforming android-test-plugin-host-logcat-proto-31.10.1.jar (com.android.tools.utp:android-test-plugin-host-logcat-proto:31.10.1) with InstrumentationAnalysisTransform
Transforming android-test-plugin-host-apk-installer-proto-31.10.1.jar (com.android.tools.utp:android-test-plugin-host-apk-installer-proto:31.10.1) with InstrumentationAnalysisTransform
Transforming android-test-plugin-result-listener-gradle-proto-31.10.1.jar (com.android.tools.utp:android-test-plugin-result-listener-gradle-proto:31.10.1) with InstrumentationAnalysisTransform
Transforming builder-model-8.10.1.jar (com.android.tools.build:builder-model:8.10.1) with InstrumentationAnalysisTransform
Transforming dvlib-31.10.1.jar (com.android.tools:dvlib:31.10.1) with InstrumentationAnalysisTransform
Transforming common-31.10.1.jar (com.android.tools:common:31.10.1) with InstrumentationAnalysisTransform
Transforming jetifier-processor-1.0.0-beta10.jar (com.android.tools.build.jetifier:jetifier-processor:1.0.0-beta10) with InstrumentationAnalysisTransform
Transforming jetifier-core-1.0.0-beta10.jar (com.android.tools.build.jetifier:jetifier-core:1.0.0-beta10) with InstrumentationAnalysisTransform
Transforming kotlin-reflect-2.1.0.jar (org.jetbrains.kotlin:kotlin-reflect:2.1.0) with InstrumentationAnalysisTransform
Transforming kotlin-stdlib-jdk7-2.1.0.jar (org.jetbrains.kotlin:kotlin-stdlib-jdk7:2.1.0) with InstrumentationAnalysisTransform
Transforming kotlin-stdlib-2.1.0.jar (org.jetbrains.kotlin:kotlin-stdlib:2.1.0) with InstrumentationAnalysisTransform
Transforming kotlin-stdlib-jdk8-2.1.0.jar (org.jetbrains.kotlin:kotlin-stdlib-jdk8:2.1.0) with InstrumentationAnalysisTransform
Transforming transform-api-2.0.0-deprecated-use-gradle-api.jar (com.android.tools.build:transform-api:2.0.0-deprecated-use-gradle-api) with InstrumentationAnalysisTransform
Transforming httpmime-4.5.6.jar (org.apache.httpcomponents:httpmime:4.5.6) with InstrumentationAnalysisTransform
Transforming commons-io-2.16.1.jar (commons-io:commons-io:2.16.1) with InstrumentationAnalysisTransform
Transforming asm-commons-9.7.1.jar (org.ow2.asm:asm-commons:9.7.1) with InstrumentationAnalysisTransform
Transforming asm-util-9.7.1.jar (org.ow2.asm:asm-util:9.7.1) with InstrumentationAnalysisTransform
Transforming asm-analysis-9.7.1.jar (org.ow2.asm:asm-analysis:9.7.1) with InstrumentationAnalysisTransform
Transforming asm-tree-9.7.1.jar (org.ow2.asm:asm-tree:9.7.1) with InstrumentationAnalysisTransform
Transforming asm-9.7.1.jar (org.ow2.asm:asm:9.7.1) with InstrumentationAnalysisTransform
Transforming apkzlib-8.10.1.jar (com.android.tools.build:apkzlib:8.10.1) with InstrumentationAnalysisTransform
Transforming bcpkix-jdk18on-1.79.jar (org.bouncycastle:bcpkix-jdk18on:1.79) with InstrumentationAnalysisTransform
Transforming jaxb-runtime-2.3.2.jar (org.glassfish.jaxb:jaxb-runtime:2.3.2) with InstrumentationAnalysisTransform
Transforming jopt-simple-4.9.jar (net.sf.jopt-simple:jopt-simple:4.9) with InstrumentationAnalysisTransform
Transforming javapoet-1.10.0.jar (com.squareup:javapoet:1.10.0) with InstrumentationAnalysisTransform
Transforming protobuf-java-util-3.25.5.jar (com.google.protobuf:protobuf-java-util:3.25.5) with InstrumentationAnalysisTransform
Transforming grpc-protobuf-1.69.1.jar (io.grpc:grpc-protobuf:1.69.1) with InstrumentationAnalysisTransform
Transforming tink-1.7.0.jar (com.google.crypto.tink:tink:1.7.0) with InstrumentationAnalysisTransform
Transforming core-proto-0.0.9-alpha03.jar (com.google.testing.platform:core-proto:0.0.9-alpha03) with InstrumentationAnalysisTransform
Transforming protos-31.10.1.jar (com.android.tools.analytics-library:protos:31.10.1) with InstrumentationAnalysisTransform
Transforming proto-google-common-protos-2.48.0.jar (com.google.api.grpc:proto-google-common-protos:2.48.0) with InstrumentationAnalysisTransform
Transforming protobuf-java-3.25.5.jar (com.google.protobuf:protobuf-java:3.25.5) with InstrumentationAnalysisTransform
Transforming grpc-netty-1.69.1.jar (io.grpc:grpc-netty:1.69.1) with InstrumentationAnalysisTransform
Transforming grpc-inprocess-1.69.1.jar (io.grpc:grpc-inprocess:1.69.1) with InstrumentationAnalysisTransform
Transforming grpc-util-1.69.1.jar (io.grpc:grpc-util:1.69.1) with InstrumentationAnalysisTransform
Transforming grpc-core-1.69.1.jar (io.grpc:grpc-core:1.69.1) with InstrumentationAnalysisTransform
Transforming gson-2.11.0.jar (com.google.code.gson:gson:2.11.0) with InstrumentationAnalysisTransform
Transforming grpc-stub-1.69.1.jar (io.grpc:grpc-stub:1.69.1) with InstrumentationAnalysisTransform
Transforming tensorflow-lite-metadata-0.2.0.jar (org.tensorflow:tensorflow-lite-metadata:0.2.0) with InstrumentationAnalysisTransform
Transforming flatbuffers-java-1.12.0.jar (com.google.flatbuffers:flatbuffers-java:1.12.0) with InstrumentationAnalysisTransform
Transforming jimfs-1.1.jar (com.google.jimfs:jimfs:1.1) with InstrumentationAnalysisTransform
Transforming grpc-context-1.69.1.jar (io.grpc:grpc-context:1.69.1) with InstrumentationAnalysisTransform
Transforming grpc-protobuf-lite-1.69.1.jar (io.grpc:grpc-protobuf-lite:1.69.1) with InstrumentationAnalysisTransform
Transforming grpc-api-1.69.1.jar (io.grpc:grpc-api:1.69.1) with InstrumentationAnalysisTransform
Transforming guava-33.3.1-jre.jar (com.google.guava:guava:33.3.1-jre) with InstrumentationAnalysisTransform
Transforming dagger-2.28.3.jar (com.google.dagger:dagger:2.28.3) with InstrumentationAnalysisTransform
Transforming javax.inject-1.jar (javax.inject:javax.inject:1) with InstrumentationAnalysisTransform
Transforming kxml2-2.3.0.jar (net.sf.kxml:kxml2:2.3.0) with InstrumentationAnalysisTransform
Transforming commons-compress-1.21.jar (org.apache.commons:commons-compress:1.21) with InstrumentationAnalysisTransform
Transforming bcutil-jdk18on-1.79.jar (org.bouncycastle:bcutil-jdk18on:1.79) with InstrumentationAnalysisTransform
Transforming bcprov-jdk18on-1.79.jar (org.bouncycastle:bcprov-jdk18on:1.79) with InstrumentationAnalysisTransform
Transforming httpclient-4.5.14.jar (org.apache.httpcomponents:httpclient:4.5.14) with InstrumentationAnalysisTransform
Transforming httpcore-4.4.16.jar (org.apache.httpcomponents:httpcore:4.4.16) with InstrumentationAnalysisTransform
Transforming javax.activation-1.2.0.jar (com.sun.activation:javax.activation:1.2.0) with InstrumentationAnalysisTransform
Transforming annotations-23.0.0.jar (org.jetbrains:annotations:23.0.0) with InstrumentationAnalysisTransform
Transforming signflinger-8.10.1.jar (com.android:signflinger:8.10.1) with InstrumentationAnalysisTransform
Transforming zipflinger-8.10.1.jar (com.android:zipflinger:8.10.1) with InstrumentationAnalysisTransform
Transforming annotations-31.10.1.jar (com.android.tools:annotations:31.10.1) with InstrumentationAnalysisTransform
Transforming jna-platform-5.6.0.jar (net.java.dev.jna:jna-platform:5.6.0) with InstrumentationAnalysisTransform
Transforming juniversalchardet-1.0.3.jar (com.googlecode.juniversalchardet:juniversalchardet:1.0.3) with InstrumentationAnalysisTransform
Transforming javax.annotation-api-1.3.2.jar (javax.annotation:javax.annotation-api:1.3.2) with InstrumentationAnalysisTransform
Transforming stax-ex-1.8.1.jar (org.jvnet.staxex:stax-ex:1.8.1) with InstrumentationAnalysisTransform
Transforming jakarta.xml.bind-api-2.3.2.jar (jakarta.xml.bind:jakarta.xml.bind-api:2.3.2) with InstrumentationAnalysisTransform
Transforming txw2-2.3.2.jar (org.glassfish.jaxb:txw2:2.3.2) with InstrumentationAnalysisTransform
Transforming istack-commons-runtime-3.0.8.jar (com.sun.istack:istack-commons-runtime:3.0.8) with InstrumentationAnalysisTransform
Transforming FastInfoset-1.2.16.jar (com.sun.xml.fastinfoset:FastInfoset:1.2.16) with InstrumentationAnalysisTransform
Transforming jakarta.activation-api-1.2.1.jar (jakarta.activation:jakarta.activation-api:1.2.1) with InstrumentationAnalysisTransform
Transforming auto-value-annotations-1.6.2.jar (com.google.auto.value:auto-value-annotations:1.6.2) with InstrumentationAnalysisTransform
Transforming error_prone_annotations-2.30.0.jar (com.google.errorprone:error_prone_annotations:2.30.0) with InstrumentationAnalysisTransform
Transforming jose4j-0.9.5.jar (org.bitbucket.b_c:jose4j:0.9.5) with InstrumentationAnalysisTransform
Transforming slf4j-api-1.7.30.jar (org.slf4j:slf4j-api:1.7.30) with InstrumentationAnalysisTransform
Transforming jdom2-2.0.6.jar (org.jdom:jdom2:2.0.6) with InstrumentationAnalysisTransform
Transforming jsr305-3.0.2.jar (com.google.code.findbugs:jsr305:3.0.2) with InstrumentationAnalysisTransform
Transforming j2objc-annotations-3.0.0.jar (com.google.j2objc:j2objc-annotations:3.0.0) with InstrumentationAnalysisTransform
Transforming annotations-4.1.1.4.jar (com.google.android:annotations:4.1.1.4) with InstrumentationAnalysisTransform
Transforming animal-sniffer-annotations-1.24.jar (org.codehaus.mojo:animal-sniffer-annotations:1.24) with InstrumentationAnalysisTransform
Transforming perfmark-api-0.27.0.jar (io.perfmark:perfmark-api:0.27.0) with InstrumentationAnalysisTransform
Transforming netty-codec-http2-4.1.110.Final.jar (io.netty:netty-codec-http2:4.1.110.Final) with InstrumentationAnalysisTransform
Transforming netty-handler-proxy-4.1.110.Final.jar (io.netty:netty-handler-proxy:4.1.110.Final) with InstrumentationAnalysisTransform
Transforming netty-codec-http-4.1.110.Final.jar (io.netty:netty-codec-http:4.1.110.Final) with InstrumentationAnalysisTransform
Transforming netty-handler-4.1.110.Final.jar (io.netty:netty-handler:4.1.110.Final) with InstrumentationAnalysisTransform
Transforming netty-transport-native-unix-common-4.1.110.Final.jar (io.netty:netty-transport-native-unix-common:4.1.110.Final) with InstrumentationAnalysisTransform
Transforming checker-qual-3.43.0.jar (org.checkerframework:checker-qual:3.43.0) with InstrumentationAnalysisTransform
Transforming apksig-8.10.1.jar (com.android.tools.build:apksig:8.10.1) with InstrumentationAnalysisTransform
Transforming javawriter-2.5.0.jar (com.squareup:javawriter:2.5.0) with InstrumentationAnalysisTransform
Transforming failureaccess-1.0.2.jar (com.google.guava:failureaccess:1.0.2) with InstrumentationAnalysisTransform
Transforming listenablefuture-9999.0-empty-to-avoid-conflict-with-guava.jar (com.google.guava:listenablefuture:9999.0-empty-to-avoid-conflict-with-guava) with InstrumentationAnalysisTransform
Transforming commons-logging-1.2.jar (commons-logging:commons-logging:1.2) with InstrumentationAnalysisTransform
Transforming commons-codec-1.11.jar (commons-codec:commons-codec:1.11) with InstrumentationAnalysisTransform
Transforming jna-5.6.0.jar (net.java.dev.jna:jna:5.6.0) with InstrumentationAnalysisTransform
Transforming netty-codec-socks-4.1.110.Final.jar (io.netty:netty-codec-socks:4.1.110.Final) with InstrumentationAnalysisTransform
Transforming netty-codec-4.1.110.Final.jar (io.netty:netty-codec:4.1.110.Final) with InstrumentationAnalysisTransform
Transforming netty-transport-4.1.110.Final.jar (io.netty:netty-transport:4.1.110.Final) with InstrumentationAnalysisTransform
Transforming netty-buffer-4.1.110.Final.jar (io.netty:netty-buffer:4.1.110.Final) with InstrumentationAnalysisTransform
Transforming netty-resolver-4.1.110.Final.jar (io.netty:netty-resolver:4.1.110.Final) with InstrumentationAnalysisTransform
Transforming netty-common-4.1.110.Final.jar (io.netty:netty-common:4.1.110.Final) with InstrumentationAnalysisTransform
Transforming gradle-8.10.1.jar (com.android.tools.build:gradle:8.10.1) with InstrumentationAnalysisTransform
Transforming gradle-8.10.1.jar (com.android.tools.build:gradle:8.10.1) with MergeInstrumentationAnalysisTransform
Transforming gradle-settings-api-8.10.1.jar (com.android.tools.build:gradle-settings-api:8.10.1) with InstrumentationAnalysisTransform
Transforming gradle-settings-api-8.10.1.jar (com.android.tools.build:gradle-settings-api:8.10.1) with MergeInstrumentationAnalysisTransform
Transforming gradle-8.10.1.jar (com.android.tools.build:gradle:8.10.1) with ExternalDependencyInstrumentingArtifactTransform
Transforming lint-model-31.10.1.jar (com.android.tools.lint:lint-model:31.10.1) with InstrumentationAnalysisTransform
Transforming gradle-settings-api-8.10.1.jar (com.android.tools.build:gradle-settings-api:8.10.1) with ExternalDependencyInstrumentingArtifactTransform
Transforming lint-model-31.10.1.jar (com.android.tools.lint:lint-model:31.10.1) with MergeInstrumentationAnalysisTransform
Transforming builder-8.10.1.jar (com.android.tools.build:builder:8.10.1) with InstrumentationAnalysisTransform
Transforming builder-8.10.1.jar (com.android.tools.build:builder:8.10.1) with MergeInstrumentationAnalysisTransform
Transforming lint-model-31.10.1.jar (com.android.tools.lint:lint-model:31.10.1) with ExternalDependencyInstrumentingArtifactTransform
Transforming manifest-merger-31.10.1.jar (com.android.tools.build:manifest-merger:31.10.1) with InstrumentationAnalysisTransform
Transforming manifest-merger-31.10.1.jar (com.android.tools.build:manifest-merger:31.10.1) with MergeInstrumentationAnalysisTransform
Transforming builder-8.10.1.jar (com.android.tools.build:builder:8.10.1) with ExternalDependencyInstrumentingArtifactTransform
Transforming sdk-common-31.10.1.jar (com.android.tools:sdk-common:31.10.1) with InstrumentationAnalysisTransform
Transforming sdk-common-31.10.1.jar (com.android.tools:sdk-common:31.10.1) with MergeInstrumentationAnalysisTransform
Transforming manifest-merger-31.10.1.jar (com.android.tools.build:manifest-merger:31.10.1) with ExternalDependencyInstrumentingArtifactTransform
Transforming sdklib-31.10.1.jar (com.android.tools:sdklib:31.10.1) with InstrumentationAnalysisTransform
Transforming sdklib-31.10.1.jar (com.android.tools:sdklib:31.10.1) with MergeInstrumentationAnalysisTransform
Transforming sdk-common-31.10.1.jar (com.android.tools:sdk-common:31.10.1) with ExternalDependencyInstrumentingArtifactTransform
Transforming repository-31.10.1.jar (com.android.tools:repository:31.10.1) with InstrumentationAnalysisTransform
Transforming repository-31.10.1.jar (com.android.tools:repository:31.10.1) with MergeInstrumentationAnalysisTransform
Transforming sdklib-31.10.1.jar (com.android.tools:sdklib:31.10.1) with ExternalDependencyInstrumentingArtifactTransform
Transforming gradle-api-8.10.1.jar (com.android.tools.build:gradle-api:8.10.1) with InstrumentationAnalysisTransform
Transforming gradle-api-8.10.1.jar (com.android.tools.build:gradle-api:8.10.1) with MergeInstrumentationAnalysisTransform
Transforming repository-31.10.1.jar (com.android.tools:repository:31.10.1) with ExternalDependencyInstrumentingArtifactTransform
Transforming builder-test-api-8.10.1.jar (com.android.tools.build:builder-test-api:8.10.1) with InstrumentationAnalysisTransform
Transforming builder-test-api-8.10.1.jar (com.android.tools.build:builder-test-api:8.10.1) with MergeInstrumentationAnalysisTransform
Transforming gradle-api-8.10.1.jar (com.android.tools.build:gradle-api:8.10.1) with ExternalDependencyInstrumentingArtifactTransform
Transforming ddmlib-31.10.1.jar (com.android.tools.ddms:ddmlib:31.10.1) with InstrumentationAnalysisTransform
Transforming ddmlib-31.10.1.jar (com.android.tools.ddms:ddmlib:31.10.1) with MergeInstrumentationAnalysisTransform
Transforming builder-test-api-8.10.1.jar (com.android.tools.build:builder-test-api:8.10.1) with ExternalDependencyInstrumentingArtifactTransform
Transforming aaptcompiler-8.10.1.jar (com.android.tools.build:aaptcompiler:8.10.1) with InstrumentationAnalysisTransform
Transforming aaptcompiler-8.10.1.jar (com.android.tools.build:aaptcompiler:8.10.1) with MergeInstrumentationAnalysisTransform
Transforming ddmlib-31.10.1.jar (com.android.tools.ddms:ddmlib:31.10.1) with ExternalDependencyInstrumentingArtifactTransform
Transforming bundletool-1.18.0.jar (com.android.tools.build:bundletool:1.18.0) with InstrumentationAnalysisTransform
Transforming bundletool-1.18.0.jar (com.android.tools.build:bundletool:1.18.0) with MergeInstrumentationAnalysisTransform
Transforming aaptcompiler-8.10.1.jar (com.android.tools.build:aaptcompiler:8.10.1) with ExternalDependencyInstrumentingArtifactTransform
Transforming aapt2-proto-8.10.1-12782657.jar (com.android.tools.build:aapt2-proto:8.10.1-12782657) with InstrumentationAnalysisTransform
Transforming aapt2-proto-8.10.1-12782657.jar (com.android.tools.build:aapt2-proto:8.10.1-12782657) with MergeInstrumentationAnalysisTransform
Transforming bundletool-1.18.0.jar (com.android.tools.build:bundletool:1.18.0) with ExternalDependencyInstrumentingArtifactTransform
Transforming crash-31.10.1.jar (com.android.tools.analytics-library:crash:31.10.1) with InstrumentationAnalysisTransform
Transforming crash-31.10.1.jar (com.android.tools.analytics-library:crash:31.10.1) with MergeInstrumentationAnalysisTransform
Transforming aapt2-proto-8.10.1-12782657.jar (com.android.tools.build:aapt2-proto:8.10.1-12782657) with ExternalDependencyInstrumentingArtifactTransform
Transforming tracker-31.10.1.jar (com.android.tools.analytics-library:tracker:31.10.1) with InstrumentationAnalysisTransform
Transforming tracker-31.10.1.jar (com.android.tools.analytics-library:tracker:31.10.1) with MergeInstrumentationAnalysisTransform
Transforming crash-31.10.1.jar (com.android.tools.analytics-library:crash:31.10.1) with ExternalDependencyInstrumentingArtifactTransform
Transforming shared-31.10.1.jar (com.android.tools.analytics-library:shared:31.10.1) with InstrumentationAnalysisTransform
Transforming shared-31.10.1.jar (com.android.tools.analytics-library:shared:31.10.1) with MergeInstrumentationAnalysisTransform
Transforming tracker-31.10.1.jar (com.android.tools.analytics-library:tracker:31.10.1) with ExternalDependencyInstrumentingArtifactTransform
Transforming lint-typedef-remover-31.10.1.jar (com.android.tools.lint:lint-typedef-remover:31.10.1) with InstrumentationAnalysisTransform
Transforming lint-typedef-remover-31.10.1.jar (com.android.tools.lint:lint-typedef-remover:31.10.1) with MergeInstrumentationAnalysisTransform
Transforming shared-31.10.1.jar (com.android.tools.analytics-library:shared:31.10.1) with ExternalDependencyInstrumentingArtifactTransform
Transforming databinding-compiler-common-8.10.1.jar (androidx.databinding:databinding-compiler-common:8.10.1) with InstrumentationAnalysisTransform
Transforming databinding-compiler-common-8.10.1.jar (androidx.databinding:databinding-compiler-common:8.10.1) with MergeInstrumentationAnalysisTransform
Transforming lint-typedef-remover-31.10.1.jar (com.android.tools.lint:lint-typedef-remover:31.10.1) with ExternalDependencyInstrumentingArtifactTransform
Transforming databinding-common-8.10.1.jar (androidx.databinding:databinding-common:8.10.1) with InstrumentationAnalysisTransform
Transforming databinding-common-8.10.1.jar (androidx.databinding:databinding-common:8.10.1) with MergeInstrumentationAnalysisTransform
Transforming databinding-compiler-common-8.10.1.jar (androidx.databinding:databinding-compiler-common:8.10.1) with ExternalDependencyInstrumentingArtifactTransform
Transforming baseLibrary-8.10.1.jar (com.android.databinding:baseLibrary:8.10.1) with InstrumentationAnalysisTransform
Transforming baseLibrary-8.10.1.jar (com.android.databinding:baseLibrary:8.10.1) with MergeInstrumentationAnalysisTransform
Transforming layoutlib-api-31.10.1.jar (com.android.tools.layoutlib:layoutlib-api:31.10.1) with InstrumentationAnalysisTransform
Transforming databinding-common-8.10.1.jar (androidx.databinding:databinding-common:8.10.1) with ExternalDependencyInstrumentingArtifactTransform
Transforming layoutlib-api-31.10.1.jar (com.android.tools.layoutlib:layoutlib-api:31.10.1) with MergeInstrumentationAnalysisTransform
Transforming baseLibrary-8.10.1.jar (com.android.databinding:baseLibrary:8.10.1) with ExternalDependencyInstrumentingArtifactTransform
Transforming android-device-provider-ddmlib-proto-31.10.1.jar (com.android.tools.utp:android-device-provider-ddmlib-proto:31.10.1) with InstrumentationAnalysisTransform
Transforming android-device-provider-ddmlib-proto-31.10.1.jar (com.android.tools.utp:android-device-provider-ddmlib-proto:31.10.1) with MergeInstrumentationAnalysisTransform
Transforming android-device-provider-gradle-proto-31.10.1.jar (com.android.tools.utp:android-device-provider-gradle-proto:31.10.1) with InstrumentationAnalysisTransform
Transforming android-device-provider-gradle-proto-31.10.1.jar (com.android.tools.utp:android-device-provider-gradle-proto:31.10.1) with MergeInstrumentationAnalysisTransform
Transforming android-device-provider-profile-proto-31.10.1.jar (com.android.tools.utp:android-device-provider-profile-proto:31.10.1) with InstrumentationAnalysisTransform
Transforming layoutlib-api-31.10.1.jar (com.android.tools.layoutlib:layoutlib-api:31.10.1) with ExternalDependencyInstrumentingArtifactTransform
Transforming android-device-provider-profile-proto-31.10.1.jar (com.android.tools.utp:android-device-provider-profile-proto:31.10.1) with MergeInstrumentationAnalysisTransform
Transforming android-device-provider-ddmlib-proto-31.10.1.jar (com.android.tools.utp:android-device-provider-ddmlib-proto:31.10.1) with ExternalDependencyInstrumentingArtifactTransform
Transforming android-test-plugin-host-additional-test-output-proto-31.10.1.jar (com.android.tools.utp:android-test-plugin-host-additional-test-output-proto:31.10.1) with InstrumentationAnalysisTransform
Transforming android-device-provider-gradle-proto-31.10.1.jar (com.android.tools.utp:android-device-provider-gradle-proto:31.10.1) with ExternalDependencyInstrumentingArtifactTransform
Transforming android-test-plugin-host-additional-test-output-proto-31.10.1.jar (com.android.tools.utp:android-test-plugin-host-additional-test-output-proto:31.10.1) with MergeInstrumentationAnalysisTransform
Transforming android-device-provider-profile-proto-31.10.1.jar (com.android.tools.utp:android-device-provider-profile-proto:31.10.1) with ExternalDependencyInstrumentingArtifactTransform
Transforming android-test-plugin-host-coverage-proto-31.10.1.jar (com.android.tools.utp:android-test-plugin-host-coverage-proto:31.10.1) with InstrumentationAnalysisTransform
Transforming android-test-plugin-host-coverage-proto-31.10.1.jar (com.android.tools.utp:android-test-plugin-host-coverage-proto:31.10.1) with MergeInstrumentationAnalysisTransform
Transforming android-test-plugin-host-additional-test-output-proto-31.10.1.jar (com.android.tools.utp:android-test-plugin-host-additional-test-output-proto:31.10.1) with ExternalDependencyInstrumentingArtifactTransform
Transforming android-test-plugin-host-emulator-control-proto-31.10.1.jar (com.android.tools.utp:android-test-plugin-host-emulator-control-proto:31.10.1) with InstrumentationAnalysisTransform
Transforming android-test-plugin-host-emulator-control-proto-31.10.1.jar (com.android.tools.utp:android-test-plugin-host-emulator-control-proto:31.10.1) with MergeInstrumentationAnalysisTransform
Transforming android-test-plugin-host-coverage-proto-31.10.1.jar (com.android.tools.utp:android-test-plugin-host-coverage-proto:31.10.1) with ExternalDependencyInstrumentingArtifactTransform
Transforming android-test-plugin-host-logcat-proto-31.10.1.jar (com.android.tools.utp:android-test-plugin-host-logcat-proto:31.10.1) with InstrumentationAnalysisTransform
Transforming android-test-plugin-host-logcat-proto-31.10.1.jar (com.android.tools.utp:android-test-plugin-host-logcat-proto:31.10.1) with MergeInstrumentationAnalysisTransform
Transforming android-test-plugin-host-apk-installer-proto-31.10.1.jar (com.android.tools.utp:android-test-plugin-host-apk-installer-proto:31.10.1) with InstrumentationAnalysisTransform
Transforming android-test-plugin-host-apk-installer-proto-31.10.1.jar (com.android.tools.utp:android-test-plugin-host-apk-installer-proto:31.10.1) with MergeInstrumentationAnalysisTransform
Transforming android-test-plugin-host-emulator-control-proto-31.10.1.jar (com.android.tools.utp:android-test-plugin-host-emulator-control-proto:31.10.1) with ExternalDependencyInstrumentingArtifactTransform
Transforming android-test-plugin-result-listener-gradle-proto-31.10.1.jar (com.android.tools.utp:android-test-plugin-result-listener-gradle-proto:31.10.1) with InstrumentationAnalysisTransform
Transforming android-test-plugin-host-logcat-proto-31.10.1.jar (com.android.tools.utp:android-test-plugin-host-logcat-proto:31.10.1) with ExternalDependencyInstrumentingArtifactTransform
Transforming android-test-plugin-result-listener-gradle-proto-31.10.1.jar (com.android.tools.utp:android-test-plugin-result-listener-gradle-proto:31.10.1) with MergeInstrumentationAnalysisTransform
Transforming builder-model-8.10.1.jar (com.android.tools.build:builder-model:8.10.1) with InstrumentationAnalysisTransform
Transforming android-test-plugin-host-apk-installer-proto-31.10.1.jar (com.android.tools.utp:android-test-plugin-host-apk-installer-proto:31.10.1) with ExternalDependencyInstrumentingArtifactTransform
Transforming builder-model-8.10.1.jar (com.android.tools.build:builder-model:8.10.1) with MergeInstrumentationAnalysisTransform
Transforming dvlib-31.10.1.jar (com.android.tools:dvlib:31.10.1) with InstrumentationAnalysisTransform
Transforming android-test-plugin-result-listener-gradle-proto-31.10.1.jar (com.android.tools.utp:android-test-plugin-result-listener-gradle-proto:31.10.1) with ExternalDependencyInstrumentingArtifactTransform
Transforming dvlib-31.10.1.jar (com.android.tools:dvlib:31.10.1) with MergeInstrumentationAnalysisTransform
Transforming common-31.10.1.jar (com.android.tools:common:31.10.1) with InstrumentationAnalysisTransform
Transforming builder-model-8.10.1.jar (com.android.tools.build:builder-model:8.10.1) with ExternalDependencyInstrumentingArtifactTransform
Transforming common-31.10.1.jar (com.android.tools:common:31.10.1) with MergeInstrumentationAnalysisTransform
Transforming dvlib-31.10.1.jar (com.android.tools:dvlib:31.10.1) with ExternalDependencyInstrumentingArtifactTransform
Transforming jetifier-processor-1.0.0-beta10.jar (com.android.tools.build.jetifier:jetifier-processor:1.0.0-beta10) with InstrumentationAnalysisTransform
Transforming common-31.10.1.jar (com.android.tools:common:31.10.1) with ExternalDependencyInstrumentingArtifactTransform
Transforming jetifier-processor-1.0.0-beta10.jar (com.android.tools.build.jetifier:jetifier-processor:1.0.0-beta10) with MergeInstrumentationAnalysisTransform
Transforming jetifier-core-1.0.0-beta10.jar (com.android.tools.build.jetifier:jetifier-core:1.0.0-beta10) with InstrumentationAnalysisTransform
Transforming jetifier-core-1.0.0-beta10.jar (com.android.tools.build.jetifier:jetifier-core:1.0.0-beta10) with MergeInstrumentationAnalysisTransform
Transforming jetifier-processor-1.0.0-beta10.jar (com.android.tools.build.jetifier:jetifier-processor:1.0.0-beta10) with ExternalDependencyInstrumentingArtifactTransform
Transforming kotlin-reflect-2.1.0.jar (org.jetbrains.kotlin:kotlin-reflect:2.1.0) with InstrumentationAnalysisTransform
Transforming jetifier-core-1.0.0-beta10.jar (com.android.tools.build.jetifier:jetifier-core:1.0.0-beta10) with ExternalDependencyInstrumentingArtifactTransform
Transforming kotlin-reflect-2.1.0.jar (org.jetbrains.kotlin:kotlin-reflect:2.1.0) with MergeInstrumentationAnalysisTransform
Transforming kotlin-stdlib-jdk7-2.1.0.jar (org.jetbrains.kotlin:kotlin-stdlib-jdk7:2.1.0) with InstrumentationAnalysisTransform
Transforming kotlin-stdlib-jdk7-2.1.0.jar (org.jetbrains.kotlin:kotlin-stdlib-jdk7:2.1.0) with MergeInstrumentationAnalysisTransform
Transforming kotlin-stdlib-2.1.0.jar (org.jetbrains.kotlin:kotlin-stdlib:2.1.0) with InstrumentationAnalysisTransform
Transforming kotlin-stdlib-2.1.0.jar (org.jetbrains.kotlin:kotlin-stdlib:2.1.0) with MergeInstrumentationAnalysisTransform
Transforming kotlin-reflect-2.1.0.jar (org.jetbrains.kotlin:kotlin-reflect:2.1.0) with ExternalDependencyInstrumentingArtifactTransform
Transforming kotlin-stdlib-jdk8-2.1.0.jar (org.jetbrains.kotlin:kotlin-stdlib-jdk8:2.1.0) with InstrumentationAnalysisTransform
Transforming kotlin-stdlib-jdk7-2.1.0.jar (org.jetbrains.kotlin:kotlin-stdlib-jdk7:2.1.0) with ExternalDependencyInstrumentingArtifactTransform
Transforming kotlin-stdlib-jdk8-2.1.0.jar (org.jetbrains.kotlin:kotlin-stdlib-jdk8:2.1.0) with MergeInstrumentationAnalysisTransform
Transforming kotlin-stdlib-2.1.0.jar (org.jetbrains.kotlin:kotlin-stdlib:2.1.0) with ExternalDependencyInstrumentingArtifactTransform
Transforming transform-api-2.0.0-deprecated-use-gradle-api.jar (com.android.tools.build:transform-api:2.0.0-deprecated-use-gradle-api) with InstrumentationAnalysisTransform
Transforming kotlin-stdlib-jdk8-2.1.0.jar (org.jetbrains.kotlin:kotlin-stdlib-jdk8:2.1.0) with ExternalDependencyInstrumentingArtifactTransform
Transforming transform-api-2.0.0-deprecated-use-gradle-api.jar (com.android.tools.build:transform-api:2.0.0-deprecated-use-gradle-api) with MergeInstrumentationAnalysisTransform
Transforming httpmime-4.5.6.jar (org.apache.httpcomponents:httpmime:4.5.6) with InstrumentationAnalysisTransform
Transforming httpmime-4.5.6.jar (org.apache.httpcomponents:httpmime:4.5.6) with MergeInstrumentationAnalysisTransform
Transforming transform-api-2.0.0-deprecated-use-gradle-api.jar (com.android.tools.build:transform-api:2.0.0-deprecated-use-gradle-api) with ExternalDependencyInstrumentingArtifactTransform
Transforming commons-io-2.16.1.jar (commons-io:commons-io:2.16.1) with InstrumentationAnalysisTransform
Transforming commons-io-2.16.1.jar (commons-io:commons-io:2.16.1) with MergeInstrumentationAnalysisTransform
Transforming httpmime-4.5.6.jar (org.apache.httpcomponents:httpmime:4.5.6) with ExternalDependencyInstrumentingArtifactTransform
Transforming asm-commons-9.7.1.jar (org.ow2.asm:asm-commons:9.7.1) with InstrumentationAnalysisTransform
Transforming commons-io-2.16.1.jar (commons-io:commons-io:2.16.1) with ExternalDependencyInstrumentingArtifactTransform
Transforming asm-commons-9.7.1.jar (org.ow2.asm:asm-commons:9.7.1) with MergeInstrumentationAnalysisTransform
Transforming asm-util-9.7.1.jar (org.ow2.asm:asm-util:9.7.1) with InstrumentationAnalysisTransform
Transforming asm-util-9.7.1.jar (org.ow2.asm:asm-util:9.7.1) with MergeInstrumentationAnalysisTransform
Transforming asm-analysis-9.7.1.jar (org.ow2.asm:asm-analysis:9.7.1) with InstrumentationAnalysisTransform
Transforming asm-analysis-9.7.1.jar (org.ow2.asm:asm-analysis:9.7.1) with MergeInstrumentationAnalysisTransform
Transforming asm-commons-9.7.1.jar (org.ow2.asm:asm-commons:9.7.1) with ExternalDependencyInstrumentingArtifactTransform
Transforming asm-tree-9.7.1.jar (org.ow2.asm:asm-tree:9.7.1) with InstrumentationAnalysisTransform
Transforming asm-util-9.7.1.jar (org.ow2.asm:asm-util:9.7.1) with ExternalDependencyInstrumentingArtifactTransform
Transforming asm-analysis-9.7.1.jar (org.ow2.asm:asm-analysis:9.7.1) with ExternalDependencyInstrumentingArtifactTransform
Transforming asm-tree-9.7.1.jar (org.ow2.asm:asm-tree:9.7.1) with MergeInstrumentationAnalysisTransform
Transforming asm-9.7.1.jar (org.ow2.asm:asm:9.7.1) with InstrumentationAnalysisTransform
Transforming asm-9.7.1.jar (org.ow2.asm:asm:9.7.1) with MergeInstrumentationAnalysisTransform
Transforming asm-tree-9.7.1.jar (org.ow2.asm:asm-tree:9.7.1) with ExternalDependencyInstrumentingArtifactTransform
Transforming apkzlib-8.10.1.jar (com.android.tools.build:apkzlib:8.10.1) with InstrumentationAnalysisTransform
Transforming apkzlib-8.10.1.jar (com.android.tools.build:apkzlib:8.10.1) with MergeInstrumentationAnalysisTransform
Transforming asm-9.7.1.jar (org.ow2.asm:asm:9.7.1) with ExternalDependencyInstrumentingArtifactTransform
Transforming bcpkix-jdk18on-1.79.jar (org.bouncycastle:bcpkix-jdk18on:1.79) with InstrumentationAnalysisTransform
Transforming bcpkix-jdk18on-1.79.jar (org.bouncycastle:bcpkix-jdk18on:1.79) with MergeInstrumentationAnalysisTransform
Transforming jaxb-runtime-2.3.2.jar (org.glassfish.jaxb:jaxb-runtime:2.3.2) with InstrumentationAnalysisTransform
Transforming apkzlib-8.10.1.jar (com.android.tools.build:apkzlib:8.10.1) with ExternalDependencyInstrumentingArtifactTransform
Transforming jaxb-runtime-2.3.2.jar (org.glassfish.jaxb:jaxb-runtime:2.3.2) with MergeInstrumentationAnalysisTransform
Transforming jopt-simple-4.9.jar (net.sf.jopt-simple:jopt-simple:4.9) with InstrumentationAnalysisTransform
Transforming jopt-simple-4.9.jar (net.sf.jopt-simple:jopt-simple:4.9) with MergeInstrumentationAnalysisTransform
Transforming bcpkix-jdk18on-1.79.jar (org.bouncycastle:bcpkix-jdk18on:1.79) with ExternalDependencyInstrumentingArtifactTransform
Transforming javapoet-1.10.0.jar (com.squareup:javapoet:1.10.0) with InstrumentationAnalysisTransform
Transforming jaxb-runtime-2.3.2.jar (org.glassfish.jaxb:jaxb-runtime:2.3.2) with ExternalDependencyInstrumentingArtifactTransform
Transforming javapoet-1.10.0.jar (com.squareup:javapoet:1.10.0) with MergeInstrumentationAnalysisTransform
Transforming jopt-simple-4.9.jar (net.sf.jopt-simple:jopt-simple:4.9) with ExternalDependencyInstrumentingArtifactTransform
Transforming protobuf-java-util-3.25.5.jar (com.google.protobuf:protobuf-java-util:3.25.5) with InstrumentationAnalysisTransform
Transforming protobuf-java-util-3.25.5.jar (com.google.protobuf:protobuf-java-util:3.25.5) with MergeInstrumentationAnalysisTransform
Transforming javapoet-1.10.0.jar (com.squareup:javapoet:1.10.0) with ExternalDependencyInstrumentingArtifactTransform
Transforming grpc-protobuf-1.69.1.jar (io.grpc:grpc-protobuf:1.69.1) with InstrumentationAnalysisTransform
Transforming grpc-protobuf-1.69.1.jar (io.grpc:grpc-protobuf:1.69.1) with MergeInstrumentationAnalysisTransform
Transforming protobuf-java-util-3.25.5.jar (com.google.protobuf:protobuf-java-util:3.25.5) with ExternalDependencyInstrumentingArtifactTransform
Transforming tink-1.7.0.jar (com.google.crypto.tink:tink:1.7.0) with InstrumentationAnalysisTransform
Transforming tink-1.7.0.jar (com.google.crypto.tink:tink:1.7.0) with MergeInstrumentationAnalysisTransform
Transforming grpc-protobuf-1.69.1.jar (io.grpc:grpc-protobuf:1.69.1) with ExternalDependencyInstrumentingArtifactTransform
Transforming core-proto-0.0.9-alpha03.jar (com.google.testing.platform:core-proto:0.0.9-alpha03) with InstrumentationAnalysisTransform
Transforming core-proto-0.0.9-alpha03.jar (com.google.testing.platform:core-proto:0.0.9-alpha03) with MergeInstrumentationAnalysisTransform
Transforming tink-1.7.0.jar (com.google.crypto.tink:tink:1.7.0) with ExternalDependencyInstrumentingArtifactTransform
Transforming protos-31.10.1.jar (com.android.tools.analytics-library:protos:31.10.1) with InstrumentationAnalysisTransform
Transforming protos-31.10.1.jar (com.android.tools.analytics-library:protos:31.10.1) with MergeInstrumentationAnalysisTransform
Transforming core-proto-0.0.9-alpha03.jar (com.google.testing.platform:core-proto:0.0.9-alpha03) with ExternalDependencyInstrumentingArtifactTransform
Transforming proto-google-common-protos-2.48.0.jar (com.google.api.grpc:proto-google-common-protos:2.48.0) with InstrumentationAnalysisTransform
Transforming proto-google-common-protos-2.48.0.jar (com.google.api.grpc:proto-google-common-protos:2.48.0) with MergeInstrumentationAnalysisTransform
Transforming protobuf-java-3.25.5.jar (com.google.protobuf:protobuf-java:3.25.5) with InstrumentationAnalysisTransform
Transforming protos-31.10.1.jar (com.android.tools.analytics-library:protos:31.10.1) with ExternalDependencyInstrumentingArtifactTransform
Transforming protobuf-java-3.25.5.jar (com.google.protobuf:protobuf-java:3.25.5) with MergeInstrumentationAnalysisTransform
Transforming grpc-netty-1.69.1.jar (io.grpc:grpc-netty:1.69.1) with InstrumentationAnalysisTransform
Transforming proto-google-common-protos-2.48.0.jar (com.google.api.grpc:proto-google-common-protos:2.48.0) with ExternalDependencyInstrumentingArtifactTransform
Transforming grpc-netty-1.69.1.jar (io.grpc:grpc-netty:1.69.1) with MergeInstrumentationAnalysisTransform
Transforming grpc-inprocess-1.69.1.jar (io.grpc:grpc-inprocess:1.69.1) with InstrumentationAnalysisTransform
Transforming grpc-inprocess-1.69.1.jar (io.grpc:grpc-inprocess:1.69.1) with MergeInstrumentationAnalysisTransform
Transforming protobuf-java-3.25.5.jar (com.google.protobuf:protobuf-java:3.25.5) with ExternalDependencyInstrumentingArtifactTransform
Transforming grpc-netty-1.69.1.jar (io.grpc:grpc-netty:1.69.1) with ExternalDependencyInstrumentingArtifactTransform
Transforming grpc-util-1.69.1.jar (io.grpc:grpc-util:1.69.1) with InstrumentationAnalysisTransform
Transforming grpc-util-1.69.1.jar (io.grpc:grpc-util:1.69.1) with MergeInstrumentationAnalysisTransform
Transforming grpc-inprocess-1.69.1.jar (io.grpc:grpc-inprocess:1.69.1) with ExternalDependencyInstrumentingArtifactTransform
Transforming grpc-core-1.69.1.jar (io.grpc:grpc-core:1.69.1) with InstrumentationAnalysisTransform
Transforming grpc-core-1.69.1.jar (io.grpc:grpc-core:1.69.1) with MergeInstrumentationAnalysisTransform
Transforming grpc-util-1.69.1.jar (io.grpc:grpc-util:1.69.1) with ExternalDependencyInstrumentingArtifactTransform
Transforming gson-2.11.0.jar (com.google.code.gson:gson:2.11.0) with InstrumentationAnalysisTransform
Transforming grpc-core-1.69.1.jar (io.grpc:grpc-core:1.69.1) with ExternalDependencyInstrumentingArtifactTransform
Transforming gson-2.11.0.jar (com.google.code.gson:gson:2.11.0) with MergeInstrumentationAnalysisTransform
Transforming grpc-stub-1.69.1.jar (io.grpc:grpc-stub:1.69.1) with InstrumentationAnalysisTransform
Transforming grpc-stub-1.69.1.jar (io.grpc:grpc-stub:1.69.1) with MergeInstrumentationAnalysisTransform
Transforming tensorflow-lite-metadata-0.2.0.jar (org.tensorflow:tensorflow-lite-metadata:0.2.0) with InstrumentationAnalysisTransform
Transforming tensorflow-lite-metadata-0.2.0.jar (org.tensorflow:tensorflow-lite-metadata:0.2.0) with MergeInstrumentationAnalysisTransform
Transforming flatbuffers-java-1.12.0.jar (com.google.flatbuffers:flatbuffers-java:1.12.0) with InstrumentationAnalysisTransform
Transforming grpc-stub-1.69.1.jar (io.grpc:grpc-stub:1.69.1) with ExternalDependencyInstrumentingArtifactTransform
Transforming flatbuffers-java-1.12.0.jar (com.google.flatbuffers:flatbuffers-java:1.12.0) with MergeInstrumentationAnalysisTransform
Transforming gson-2.11.0.jar (com.google.code.gson:gson:2.11.0) with ExternalDependencyInstrumentingArtifactTransform
Transforming jimfs-1.1.jar (com.google.jimfs:jimfs:1.1) with InstrumentationAnalysisTransform
Transforming jimfs-1.1.jar (com.google.jimfs:jimfs:1.1) with MergeInstrumentationAnalysisTransform
Transforming grpc-context-1.69.1.jar (io.grpc:grpc-context:1.69.1) with InstrumentationAnalysisTransform
Transforming tensorflow-lite-metadata-0.2.0.jar (org.tensorflow:tensorflow-lite-metadata:0.2.0) with ExternalDependencyInstrumentingArtifactTransform
Transforming grpc-context-1.69.1.jar (io.grpc:grpc-context:1.69.1) with MergeInstrumentationAnalysisTransform
Transforming flatbuffers-java-1.12.0.jar (com.google.flatbuffers:flatbuffers-java:1.12.0) with ExternalDependencyInstrumentingArtifactTransform
Transforming grpc-protobuf-lite-1.69.1.jar (io.grpc:grpc-protobuf-lite:1.69.1) with InstrumentationAnalysisTransform
Transforming jimfs-1.1.jar (com.google.jimfs:jimfs:1.1) with ExternalDependencyInstrumentingArtifactTransform
Transforming grpc-protobuf-lite-1.69.1.jar (io.grpc:grpc-protobuf-lite:1.69.1) with MergeInstrumentationAnalysisTransform
Transforming grpc-api-1.69.1.jar (io.grpc:grpc-api:1.69.1) with InstrumentationAnalysisTransform
Transforming grpc-context-1.69.1.jar (io.grpc:grpc-context:1.69.1) with ExternalDependencyInstrumentingArtifactTransform
Transforming grpc-api-1.69.1.jar (io.grpc:grpc-api:1.69.1) with MergeInstrumentationAnalysisTransform
Transforming guava-33.3.1-jre.jar (com.google.guava:guava:33.3.1-jre) with InstrumentationAnalysisTransform
Transforming grpc-protobuf-lite-1.69.1.jar (io.grpc:grpc-protobuf-lite:1.69.1) with ExternalDependencyInstrumentingArtifactTransform
Transforming guava-33.3.1-jre.jar (com.google.guava:guava:33.3.1-jre) with MergeInstrumentationAnalysisTransform
Transforming dagger-2.28.3.jar (com.google.dagger:dagger:2.28.3) with InstrumentationAnalysisTransform
Transforming grpc-api-1.69.1.jar (io.grpc:grpc-api:1.69.1) with ExternalDependencyInstrumentingArtifactTransform
Transforming dagger-2.28.3.jar (com.google.dagger:dagger:2.28.3) with MergeInstrumentationAnalysisTransform
Transforming guava-33.3.1-jre.jar (com.google.guava:guava:33.3.1-jre) with ExternalDependencyInstrumentingArtifactTransform
Transforming javax.inject-1.jar (javax.inject:javax.inject:1) with InstrumentationAnalysisTransform
Transforming dagger-2.28.3.jar (com.google.dagger:dagger:2.28.3) with ExternalDependencyInstrumentingArtifactTransform
Transforming javax.inject-1.jar (javax.inject:javax.inject:1) with MergeInstrumentationAnalysisTransform
Transforming kxml2-2.3.0.jar (net.sf.kxml:kxml2:2.3.0) with InstrumentationAnalysisTransform
Transforming kxml2-2.3.0.jar (net.sf.kxml:kxml2:2.3.0) with MergeInstrumentationAnalysisTransform
Transforming commons-compress-1.21.jar (org.apache.commons:commons-compress:1.21) with InstrumentationAnalysisTransform
Transforming javax.inject-1.jar (javax.inject:javax.inject:1) with ExternalDependencyInstrumentingArtifactTransform
Transforming commons-compress-1.21.jar (org.apache.commons:commons-compress:1.21) with MergeInstrumentationAnalysisTransform
Transforming kxml2-2.3.0.jar (net.sf.kxml:kxml2:2.3.0) with ExternalDependencyInstrumentingArtifactTransform
Transforming bcutil-jdk18on-1.79.jar (org.bouncycastle:bcutil-jdk18on:1.79) with InstrumentationAnalysisTransform
Transforming bcutil-jdk18on-1.79.jar (org.bouncycastle:bcutil-jdk18on:1.79) with MergeInstrumentationAnalysisTransform
Transforming commons-compress-1.21.jar (org.apache.commons:commons-compress:1.21) with ExternalDependencyInstrumentingArtifactTransform
Transforming bcprov-jdk18on-1.79.jar (org.bouncycastle:bcprov-jdk18on:1.79) with InstrumentationAnalysisTransform
Transforming bcprov-jdk18on-1.79.jar (org.bouncycastle:bcprov-jdk18on:1.79) with MergeInstrumentationAnalysisTransform
Transforming httpclient-4.5.14.jar (org.apache.httpcomponents:httpclient:4.5.14) with InstrumentationAnalysisTransform
Transforming httpclient-4.5.14.jar (org.apache.httpcomponents:httpclient:4.5.14) with MergeInstrumentationAnalysisTransform
Transforming httpcore-4.4.16.jar (org.apache.httpcomponents:httpcore:4.4.16) with InstrumentationAnalysisTransform
Transforming bcutil-jdk18on-1.79.jar (org.bouncycastle:bcutil-jdk18on:1.79) with ExternalDependencyInstrumentingArtifactTransform
Transforming httpcore-4.4.16.jar (org.apache.httpcomponents:httpcore:4.4.16) with MergeInstrumentationAnalysisTransform
Transforming javax.activation-1.2.0.jar (com.sun.activation:javax.activation:1.2.0) with InstrumentationAnalysisTransform
Transforming bcprov-jdk18on-1.79.jar (org.bouncycastle:bcprov-jdk18on:1.79) with ExternalDependencyInstrumentingArtifactTransform
Transforming javax.activation-1.2.0.jar (com.sun.activation:javax.activation:1.2.0) with MergeInstrumentationAnalysisTransform
Transforming httpclient-4.5.14.jar (org.apache.httpcomponents:httpclient:4.5.14) with ExternalDependencyInstrumentingArtifactTransform
Transforming javax.activation-1.2.0.jar (com.sun.activation:javax.activation:1.2.0) with ExternalDependencyInstrumentingArtifactTransform
Transforming httpcore-4.4.16.jar (org.apache.httpcomponents:httpcore:4.4.16) with ExternalDependencyInstrumentingArtifactTransform
Transforming annotations-23.0.0.jar (org.jetbrains:annotations:23.0.0) with InstrumentationAnalysisTransform
Transforming annotations-23.0.0.jar (org.jetbrains:annotations:23.0.0) with MergeInstrumentationAnalysisTransform
Transforming signflinger-8.10.1.jar (com.android:signflinger:8.10.1) with InstrumentationAnalysisTransform
Transforming signflinger-8.10.1.jar (com.android:signflinger:8.10.1) with MergeInstrumentationAnalysisTransform
Transforming annotations-23.0.0.jar (org.jetbrains:annotations:23.0.0) with ExternalDependencyInstrumentingArtifactTransform
Transforming zipflinger-8.10.1.jar (com.android:zipflinger:8.10.1) with InstrumentationAnalysisTransform
Transforming zipflinger-8.10.1.jar (com.android:zipflinger:8.10.1) with MergeInstrumentationAnalysisTransform
Transforming annotations-31.10.1.jar (com.android.tools:annotations:31.10.1) with InstrumentationAnalysisTransform
Transforming annotations-31.10.1.jar (com.android.tools:annotations:31.10.1) with MergeInstrumentationAnalysisTransform
Transforming jna-platform-5.6.0.jar (net.java.dev.jna:jna-platform:5.6.0) with InstrumentationAnalysisTransform
Transforming jna-platform-5.6.0.jar (net.java.dev.jna:jna-platform:5.6.0) with MergeInstrumentationAnalysisTransform
Transforming juniversalchardet-1.0.3.jar (com.googlecode.juniversalchardet:juniversalchardet:1.0.3) with InstrumentationAnalysisTransform
Transforming annotations-31.10.1.jar (com.android.tools:annotations:31.10.1) with ExternalDependencyInstrumentingArtifactTransform
Transforming juniversalchardet-1.0.3.jar (com.googlecode.juniversalchardet:juniversalchardet:1.0.3) with MergeInstrumentationAnalysisTransform
Transforming signflinger-8.10.1.jar (com.android:signflinger:8.10.1) with ExternalDependencyInstrumentingArtifactTransform
Transforming javax.annotation-api-1.3.2.jar (javax.annotation:javax.annotation-api:1.3.2) with InstrumentationAnalysisTransform
Transforming jna-platform-5.6.0.jar (net.java.dev.jna:jna-platform:5.6.0) with ExternalDependencyInstrumentingArtifactTransform
Transforming zipflinger-8.10.1.jar (com.android:zipflinger:8.10.1) with ExternalDependencyInstrumentingArtifactTransform
Transforming juniversalchardet-1.0.3.jar (com.googlecode.juniversalchardet:juniversalchardet:1.0.3) with ExternalDependencyInstrumentingArtifactTransform
Transforming javax.annotation-api-1.3.2.jar (javax.annotation:javax.annotation-api:1.3.2) with MergeInstrumentationAnalysisTransform
Transforming stax-ex-1.8.1.jar (org.jvnet.staxex:stax-ex:1.8.1) with InstrumentationAnalysisTransform
Transforming stax-ex-1.8.1.jar (org.jvnet.staxex:stax-ex:1.8.1) with MergeInstrumentationAnalysisTransform
Transforming javax.annotation-api-1.3.2.jar (javax.annotation:javax.annotation-api:1.3.2) with ExternalDependencyInstrumentingArtifactTransform
Transforming jakarta.xml.bind-api-2.3.2.jar (jakarta.xml.bind:jakarta.xml.bind-api:2.3.2) with InstrumentationAnalysisTransform
Transforming stax-ex-1.8.1.jar (org.jvnet.staxex:stax-ex:1.8.1) with ExternalDependencyInstrumentingArtifactTransform
Transforming jakarta.xml.bind-api-2.3.2.jar (jakarta.xml.bind:jakarta.xml.bind-api:2.3.2) with MergeInstrumentationAnalysisTransform
Transforming txw2-2.3.2.jar (org.glassfish.jaxb:txw2:2.3.2) with InstrumentationAnalysisTransform
Transforming txw2-2.3.2.jar (org.glassfish.jaxb:txw2:2.3.2) with MergeInstrumentationAnalysisTransform
Transforming istack-commons-runtime-3.0.8.jar (com.sun.istack:istack-commons-runtime:3.0.8) with InstrumentationAnalysisTransform
Transforming jakarta.xml.bind-api-2.3.2.jar (jakarta.xml.bind:jakarta.xml.bind-api:2.3.2) with ExternalDependencyInstrumentingArtifactTransform
Transforming istack-commons-runtime-3.0.8.jar (com.sun.istack:istack-commons-runtime:3.0.8) with MergeInstrumentationAnalysisTransform
Transforming txw2-2.3.2.jar (org.glassfish.jaxb:txw2:2.3.2) with ExternalDependencyInstrumentingArtifactTransform
Transforming FastInfoset-1.2.16.jar (com.sun.xml.fastinfoset:FastInfoset:1.2.16) with InstrumentationAnalysisTransform
Transforming FastInfoset-1.2.16.jar (com.sun.xml.fastinfoset:FastInfoset:1.2.16) with MergeInstrumentationAnalysisTransform
Transforming jakarta.activation-api-1.2.1.jar (jakarta.activation:jakarta.activation-api:1.2.1) with InstrumentationAnalysisTransform
Transforming istack-commons-runtime-3.0.8.jar (com.sun.istack:istack-commons-runtime:3.0.8) with ExternalDependencyInstrumentingArtifactTransform
Transforming jakarta.activation-api-1.2.1.jar (jakarta.activation:jakarta.activation-api:1.2.1) with MergeInstrumentationAnalysisTransform
Transforming auto-value-annotations-1.6.2.jar (com.google.auto.value:auto-value-annotations:1.6.2) with InstrumentationAnalysisTransform
Transforming FastInfoset-1.2.16.jar (com.sun.xml.fastinfoset:FastInfoset:1.2.16) with ExternalDependencyInstrumentingArtifactTransform
Transforming auto-value-annotations-1.6.2.jar (com.google.auto.value:auto-value-annotations:1.6.2) with MergeInstrumentationAnalysisTransform
Transforming error_prone_annotations-2.30.0.jar (com.google.errorprone:error_prone_annotations:2.30.0) with InstrumentationAnalysisTransform
Transforming jakarta.activation-api-1.2.1.jar (jakarta.activation:jakarta.activation-api:1.2.1) with ExternalDependencyInstrumentingArtifactTransform
Transforming error_prone_annotations-2.30.0.jar (com.google.errorprone:error_prone_annotations:2.30.0) with MergeInstrumentationAnalysisTransform
Transforming auto-value-annotations-1.6.2.jar (com.google.auto.value:auto-value-annotations:1.6.2) with ExternalDependencyInstrumentingArtifactTransform
Transforming jose4j-0.9.5.jar (org.bitbucket.b_c:jose4j:0.9.5) with InstrumentationAnalysisTransform
Transforming jose4j-0.9.5.jar (org.bitbucket.b_c:jose4j:0.9.5) with MergeInstrumentationAnalysisTransform
Transforming slf4j-api-1.7.30.jar (org.slf4j:slf4j-api:1.7.30) with InstrumentationAnalysisTransform
Transforming error_prone_annotations-2.30.0.jar (com.google.errorprone:error_prone_annotations:2.30.0) with ExternalDependencyInstrumentingArtifactTransform
Transforming slf4j-api-1.7.30.jar (org.slf4j:slf4j-api:1.7.30) with MergeInstrumentationAnalysisTransform
Transforming jdom2-2.0.6.jar (org.jdom:jdom2:2.0.6) with InstrumentationAnalysisTransform
Transforming jose4j-0.9.5.jar (org.bitbucket.b_c:jose4j:0.9.5) with ExternalDependencyInstrumentingArtifactTransform
Transforming jdom2-2.0.6.jar (org.jdom:jdom2:2.0.6) with MergeInstrumentationAnalysisTransform
Transforming jsr305-3.0.2.jar (com.google.code.findbugs:jsr305:3.0.2) with InstrumentationAnalysisTransform
Transforming slf4j-api-1.7.30.jar (org.slf4j:slf4j-api:1.7.30) with ExternalDependencyInstrumentingArtifactTransform
Transforming jsr305-3.0.2.jar (com.google.code.findbugs:jsr305:3.0.2) with MergeInstrumentationAnalysisTransform
Transforming j2objc-annotations-3.0.0.jar (com.google.j2objc:j2objc-annotations:3.0.0) with InstrumentationAnalysisTransform
Transforming jdom2-2.0.6.jar (org.jdom:jdom2:2.0.6) with ExternalDependencyInstrumentingArtifactTransform
Transforming j2objc-annotations-3.0.0.jar (com.google.j2objc:j2objc-annotations:3.0.0) with MergeInstrumentationAnalysisTransform
Transforming annotations-4.1.1.4.jar (com.google.android:annotations:4.1.1.4) with InstrumentationAnalysisTransform
Transforming annotations-4.1.1.4.jar (com.google.android:annotations:4.1.1.4) with MergeInstrumentationAnalysisTransform
Transforming jsr305-3.0.2.jar (com.google.code.findbugs:jsr305:3.0.2) with ExternalDependencyInstrumentingArtifactTransform
Transforming j2objc-annotations-3.0.0.jar (com.google.j2objc:j2objc-annotations:3.0.0) with ExternalDependencyInstrumentingArtifactTransform
Transforming animal-sniffer-annotations-1.24.jar (org.codehaus.mojo:animal-sniffer-annotations:1.24) with InstrumentationAnalysisTransform
Transforming animal-sniffer-annotations-1.24.jar (org.codehaus.mojo:animal-sniffer-annotations:1.24) with MergeInstrumentationAnalysisTransform
Transforming perfmark-api-0.27.0.jar (io.perfmark:perfmark-api:0.27.0) with InstrumentationAnalysisTransform
Transforming annotations-4.1.1.4.jar (com.google.android:annotations:4.1.1.4) with ExternalDependencyInstrumentingArtifactTransform
Transforming perfmark-api-0.27.0.jar (io.perfmark:perfmark-api:0.27.0) with MergeInstrumentationAnalysisTransform
Transforming netty-codec-http2-4.1.110.Final.jar (io.netty:netty-codec-http2:4.1.110.Final) with InstrumentationAnalysisTransform
Transforming animal-sniffer-annotations-1.24.jar (org.codehaus.mojo:animal-sniffer-annotations:1.24) with ExternalDependencyInstrumentingArtifactTransform
Transforming netty-codec-http2-4.1.110.Final.jar (io.netty:netty-codec-http2:4.1.110.Final) with MergeInstrumentationAnalysisTransform
Transforming netty-handler-proxy-4.1.110.Final.jar (io.netty:netty-handler-proxy:4.1.110.Final) with InstrumentationAnalysisTransform
Transforming perfmark-api-0.27.0.jar (io.perfmark:perfmark-api:0.27.0) with ExternalDependencyInstrumentingArtifactTransform
Transforming netty-handler-proxy-4.1.110.Final.jar (io.netty:netty-handler-proxy:4.1.110.Final) with MergeInstrumentationAnalysisTransform
Transforming netty-codec-http2-4.1.110.Final.jar (io.netty:netty-codec-http2:4.1.110.Final) with ExternalDependencyInstrumentingArtifactTransform
Transforming netty-codec-http-4.1.110.Final.jar (io.netty:netty-codec-http:4.1.110.Final) with InstrumentationAnalysisTransform
Transforming netty-codec-http-4.1.110.Final.jar (io.netty:netty-codec-http:4.1.110.Final) with MergeInstrumentationAnalysisTransform
Transforming netty-handler-4.1.110.Final.jar (io.netty:netty-handler:4.1.110.Final) with InstrumentationAnalysisTransform
Transforming netty-handler-proxy-4.1.110.Final.jar (io.netty:netty-handler-proxy:4.1.110.Final) with ExternalDependencyInstrumentingArtifactTransform
Transforming netty-handler-4.1.110.Final.jar (io.netty:netty-handler:4.1.110.Final) with MergeInstrumentationAnalysisTransform
Transforming netty-codec-http-4.1.110.Final.jar (io.netty:netty-codec-http:4.1.110.Final) with ExternalDependencyInstrumentingArtifactTransform
Transforming netty-transport-native-unix-common-4.1.110.Final.jar (io.netty:netty-transport-native-unix-common:4.1.110.Final) with InstrumentationAnalysisTransform
Transforming netty-handler-4.1.110.Final.jar (io.netty:netty-handler:4.1.110.Final) with ExternalDependencyInstrumentingArtifactTransform
Transforming netty-transport-native-unix-common-4.1.110.Final.jar (io.netty:netty-transport-native-unix-common:4.1.110.Final) with MergeInstrumentationAnalysisTransform
Transforming checker-qual-3.43.0.jar (org.checkerframework:checker-qual:3.43.0) with InstrumentationAnalysisTransform
Transforming checker-qual-3.43.0.jar (org.checkerframework:checker-qual:3.43.0) with MergeInstrumentationAnalysisTransform
Transforming apksig-8.10.1.jar (com.android.tools.build:apksig:8.10.1) with InstrumentationAnalysisTransform
Transforming netty-transport-native-unix-common-4.1.110.Final.jar (io.netty:netty-transport-native-unix-common:4.1.110.Final) with ExternalDependencyInstrumentingArtifactTransform
Transforming apksig-8.10.1.jar (com.android.tools.build:apksig:8.10.1) with MergeInstrumentationAnalysisTransform
Transforming javawriter-2.5.0.jar (com.squareup:javawriter:2.5.0) with InstrumentationAnalysisTransform
Transforming checker-qual-3.43.0.jar (org.checkerframework:checker-qual:3.43.0) with ExternalDependencyInstrumentingArtifactTransform
Transforming javawriter-2.5.0.jar (com.squareup:javawriter:2.5.0) with MergeInstrumentationAnalysisTransform
Transforming apksig-8.10.1.jar (com.android.tools.build:apksig:8.10.1) with ExternalDependencyInstrumentingArtifactTransform
Transforming failureaccess-1.0.2.jar (com.google.guava:failureaccess:1.0.2) with InstrumentationAnalysisTransform
Transforming failureaccess-1.0.2.jar (com.google.guava:failureaccess:1.0.2) with MergeInstrumentationAnalysisTransform
Transforming javawriter-2.5.0.jar (com.squareup:javawriter:2.5.0) with ExternalDependencyInstrumentingArtifactTransform
Transforming listenablefuture-9999.0-empty-to-avoid-conflict-with-guava.jar (com.google.guava:listenablefuture:9999.0-empty-to-avoid-conflict-with-guava) with InstrumentationAnalysisTransform
Transforming listenablefuture-9999.0-empty-to-avoid-conflict-with-guava.jar (com.google.guava:listenablefuture:9999.0-empty-to-avoid-conflict-with-guava) with MergeInstrumentationAnalysisTransform
Transforming commons-logging-1.2.jar (commons-logging:commons-logging:1.2) with InstrumentationAnalysisTransform
Transforming failureaccess-1.0.2.jar (com.google.guava:failureaccess:1.0.2) with ExternalDependencyInstrumentingArtifactTransform
Transforming commons-logging-1.2.jar (commons-logging:commons-logging:1.2) with MergeInstrumentationAnalysisTransform
Transforming commons-codec-1.11.jar (commons-codec:commons-codec:1.11) with InstrumentationAnalysisTransform
Transforming commons-codec-1.11.jar (commons-codec:commons-codec:1.11) with MergeInstrumentationAnalysisTransform
Transforming jna-5.6.0.jar (net.java.dev.jna:jna:5.6.0) with InstrumentationAnalysisTransform
Transforming listenablefuture-9999.0-empty-to-avoid-conflict-with-guava.jar (com.google.guava:listenablefuture:9999.0-empty-to-avoid-conflict-with-guava) with ExternalDependencyInstrumentingArtifactTransform
Transforming jna-5.6.0.jar (net.java.dev.jna:jna:5.6.0) with MergeInstrumentationAnalysisTransform
Transforming commons-logging-1.2.jar (commons-logging:commons-logging:1.2) with ExternalDependencyInstrumentingArtifactTransform
Transforming netty-codec-socks-4.1.110.Final.jar (io.netty:netty-codec-socks:4.1.110.Final) with InstrumentationAnalysisTransform
Transforming commons-codec-1.11.jar (commons-codec:commons-codec:1.11) with ExternalDependencyInstrumentingArtifactTransform
Transforming netty-codec-socks-4.1.110.Final.jar (io.netty:netty-codec-socks:4.1.110.Final) with MergeInstrumentationAnalysisTransform
Transforming jna-5.6.0.jar (net.java.dev.jna:jna:5.6.0) with ExternalDependencyInstrumentingArtifactTransform
Transforming netty-codec-4.1.110.Final.jar (io.netty:netty-codec:4.1.110.Final) with InstrumentationAnalysisTransform
Transforming netty-codec-4.1.110.Final.jar (io.netty:netty-codec:4.1.110.Final) with MergeInstrumentationAnalysisTransform
Transforming netty-codec-socks-4.1.110.Final.jar (io.netty:netty-codec-socks:4.1.110.Final) with ExternalDependencyInstrumentingArtifactTransform
Transforming netty-transport-4.1.110.Final.jar (io.netty:netty-transport:4.1.110.Final) with InstrumentationAnalysisTransform
Transforming netty-codec-4.1.110.Final.jar (io.netty:netty-codec:4.1.110.Final) with ExternalDependencyInstrumentingArtifactTransform
Transforming netty-transport-4.1.110.Final.jar (io.netty:netty-transport:4.1.110.Final) with MergeInstrumentationAnalysisTransform
Transforming netty-buffer-4.1.110.Final.jar (io.netty:netty-buffer:4.1.110.Final) with InstrumentationAnalysisTransform
Transforming netty-transport-4.1.110.Final.jar (io.netty:netty-transport:4.1.110.Final) with ExternalDependencyInstrumentingArtifactTransform
Transforming netty-buffer-4.1.110.Final.jar (io.netty:netty-buffer:4.1.110.Final) with MergeInstrumentationAnalysisTransform
Transforming netty-resolver-4.1.110.Final.jar (io.netty:netty-resolver:4.1.110.Final) with InstrumentationAnalysisTransform
Transforming netty-resolver-4.1.110.Final.jar (io.netty:netty-resolver:4.1.110.Final) with MergeInstrumentationAnalysisTransform
Transforming netty-common-4.1.110.Final.jar (io.netty:netty-common:4.1.110.Final) with InstrumentationAnalysisTransform
Transforming netty-buffer-4.1.110.Final.jar (io.netty:netty-buffer:4.1.110.Final) with ExternalDependencyInstrumentingArtifactTransform
Transforming netty-common-4.1.110.Final.jar (io.netty:netty-common:4.1.110.Final) with MergeInstrumentationAnalysisTransform
Transforming netty-resolver-4.1.110.Final.jar (io.netty:netty-resolver:4.1.110.Final) with ExternalDependencyInstrumentingArtifactTransform
Transforming netty-common-4.1.110.Final.jar (io.netty:netty-common:4.1.110.Final) with ExternalDependencyInstrumentingArtifactTransform

> Configure project :app
Evaluating project ':app' using build file 'D:\ax360e++\aX360e\app\build.gradle'.
Using default execution profile
C/C++: android.ndkVersion from module build.gradle is [27.0.12077973]
C/C++: android.ndkPath from module build.gradle is not set
C/C++: ndk.dir in local.properties is not set
C/C++: Not considering ANDROID_NDK_HOME because support was removed after deprecation period.
C/C++: sdkFolder is C:\Users\kirby\AppData\Local\Android\Sdk
C/C++: android.ndkVersion from module build.gradle is [27.0.12077973]
C/C++: android.ndkPath from module build.gradle is not set
C/C++: ndk.dir in local.properties is not set
C/C++: Not considering ANDROID_NDK_HOME because support was removed after deprecation period.
C/C++: sdkFolder is C:\Users\kirby\AppData\Local\Android\Sdk
C/C++: android.ndkVersion from module build.gradle is [27.0.12077973]
C/C++: android.ndkPath from module build.gradle is not set
C/C++: ndk.dir in local.properties is not set
C/C++: Not considering ANDROID_NDK_HOME because support was removed after deprecation period.
C/C++: sdkFolder is C:\Users\kirby\AppData\Local\Android\Sdk
C/C++: android.ndkVersion from module build.gradle is [27.0.12077973]
C/C++: android.ndkPath from module build.gradle is not set
C/C++: ndk.dir in local.properties is not set
C/C++: Not considering ANDROID_NDK_HOME because support was removed after deprecation period.
C/C++: sdkFolder is C:\Users\kirby\AppData\Local\Android\Sdk
C/C++: android.ndkVersion from module build.gradle is [27.0.12077973]
C/C++: android.ndkPath from module build.gradle is not set
C/C++: ndk.dir in local.properties is not set
C/C++: Not considering ANDROID_NDK_HOME because support was removed after deprecation period.
C/C++: sdkFolder is C:\Users\kirby\AppData\Local\Android\Sdk
C/C++: android.ndkVersion from module build.gradle is [27.0.12077973]
C/C++: android.ndkPath from module build.gradle is not set
C/C++: ndk.dir in local.properties is not set
C/C++: Not considering ANDROID_NDK_HOME because support was removed after deprecation period.
C/C++: sdkFolder is C:\Users\kirby\AppData\Local\Android\Sdk
C/C++: android.ndkVersion from module build.gradle is [27.0.12077973]
C/C++: android.ndkPath from module build.gradle is not set
C/C++: ndk.dir in local.properties is not set
C/C++: Not considering ANDROID_NDK_HOME because support was removed after deprecation period.
C/C++: sdkFolder is C:\Users\kirby\AppData\Local\Android\Sdk
C/C++: android.ndkVersion from module build.gradle is [27.0.12077973]
C/C++: android.ndkPath from module build.gradle is not set
C/C++: ndk.dir in local.properties is not set
C/C++: Not considering ANDROID_NDK_HOME because support was removed after deprecation period.
C/C++: sdkFolder is C:\Users\kirby\AppData\Local\Android\Sdk
C/C++: android.ndkVersion from module build.gradle is [27.0.12077973]
C/C++: android.ndkPath from module build.gradle is not set
C/C++: ndk.dir in local.properties is not set
C/C++: Not considering ANDROID_NDK_HOME because support was removed after deprecation period.
C/C++: sdkFolder is C:\Users\kirby\AppData\Local\Android\Sdk
C/C++: android.ndkVersion from module build.gradle is [27.0.12077973]
C/C++: android.ndkPath from module build.gradle is not set
C/C++: ndk.dir in local.properties is not set
C/C++: Not considering ANDROID_NDK_HOME because support was removed after deprecation period.
C/C++: sdkFolder is C:\Users\kirby\AppData\Local\Android\Sdk
C/C++: android.ndkVersion from module build.gradle is [27.0.12077973]
C/C++: android.ndkPath from module build.gradle is not set
C/C++: ndk.dir in local.properties is not set
C/C++: Not considering ANDROID_NDK_HOME because support was removed after deprecation period.
C/C++: sdkFolder is C:\Users\kirby\AppData\Local\Android\Sdk
C/C++: android.ndkVersion from module build.gradle is [27.0.12077973]
C/C++: android.ndkPath from module build.gradle is not set
C/C++: ndk.dir in local.properties is not set
C/C++: Not considering ANDROID_NDK_HOME because support was removed after deprecation period.
C/C++: sdkFolder is C:\Users\kirby\AppData\Local\Android\Sdk
C/C++: android.ndkVersion from module build.gradle is [27.0.12077973]
C/C++: android.ndkPath from module build.gradle is not set
C/C++: ndk.dir in local.properties is not set
C/C++: Not considering ANDROID_NDK_HOME because support was removed after deprecation period.
C/C++: sdkFolder is C:\Users\kirby\AppData\Local\Android\Sdk
All projects evaluated.
Task path ':app:externalNativeBuildDebug' matched project ':app'
Task name matched 'externalNativeBuildDebug'
Selected primary task 'externalNativeBuildDebug' from project :app
Tasks to be executed: [task ':app:preBuild', task ':app:preDebugBuild', task ':app:configureCMakeDebug[arm64-v8a]', task ':app:buildCMakeDebug[arm64-v8a]', task ':app:externalNativeBuildDebug']
Tasks that were excluded: []
Resolve mutations for :app:preBuild (Thread[Execution worker,5,main]) started.
:app:preBuild (Thread[Execution worker,5,main]) started.

> Task :app:preBuild UP-TO-DATE
Skipping task ':app:preBuild' as it has no actions.
Resolve mutations for :app:preDebugBuild (Thread[Execution worker,5,main]) started.
:app:preDebugBuild (Thread[Execution worker,5,main]) started.

> Task :app:preDebugBuild UP-TO-DATE
Skipping task ':app:preDebugBuild' as it has no actions.
Resolve mutations for :app:configureCMakeDebug[arm64-v8a] (Thread[Execution worker,5,main]) started.
:app:configureCMakeDebug[arm64-v8a] (Thread[Execution worker,5,main]) started.

> Task :app:configureCMakeDebug[arm64-v8a]
Caching disabled for task ':app:configureCMakeDebug[arm64-v8a]' because:
  Caching has been disabled for the task
Task ':app:configureCMakeDebug[arm64-v8a]' is not up-to-date because:
  Task.upToDateWhen is false.
C/C++: D:\ax360e++\aX360e\app\src\main\cpp\CMakeLists.txt debug|arm64-v8a : Start JSON generation. Platform version: 26 min SDK version: arm64-v8a
C/C++: D:\ax360e++\aX360e\app\src\main\cpp\CMakeLists.txt debug|arm64-v8a : JSON 'D:\ax360e++\aX360e\app\.cxx\Debug\6kx57t1q\arm64-v8a\android_gradle_build.json' was up-to-date
C/C++: D:\ax360e++\aX360e\app\src\main\cpp\CMakeLists.txt debug|arm64-v8a : JSON generation completed without problems
C/C++: D:\ax360e++\aX360e\app\src\main\cpp\CMakeLists.txt debug|arm64-v8a : Writing build model to D:\ax360e++\aX360e\app\build\intermediates\cxx\Debug\6kx57t1q\logs\arm64-v8a\build_model.json
Resolve mutations for :app:buildCMakeDebug[arm64-v8a] (Thread[Execution worker Thread 10,5,main]) started.
:app:buildCMakeDebug[arm64-v8a] (Thread[Execution worker,5,main]) started.

> Task :app:buildCMakeDebug[arm64-v8a]
Caching disabled for task ':app:buildCMakeDebug[arm64-v8a]' because:
  Caching has been disabled for the task
Task ':app:buildCMakeDebug[arm64-v8a]' is not up-to-date because:
  Task.upToDateWhen is false.
C/C++: starting build
C/C++: reading expected JSONs
C/C++: done reading expected JSONs
C/C++: executing build commands for targets that produce .so files or executables
C/C++: evaluate miniconfig
C/C++: evaluate library xenia-kernel (arm64-v8a)
C/C++: not building target library xenia-kernel because static libraries are not build by default.
C/C++: evaluate library mspack (arm64-v8a)
C/C++: not building target library mspack because static libraries are not build by default.
C/C++: evaluate library discord-rpc (arm64-v8a)
C/C++: not building target library discord-rpc because static libraries are not build by default.
C/C++: evaluate library emu (arm64-v8a)
C/C++: building target library emu because no targets are specified.
C/C++: evaluate library xenia-apu-nop (arm64-v8a)
C/C++: not building target library xenia-apu-nop because static libraries are not build by default.
C/C++: evaluate library xenia-gpu (arm64-v8a)
C/C++: not building target library xenia-gpu because static libraries are not build by default.
C/C++: evaluate library xxhash (arm64-v8a)
C/C++: not building target library xxhash because static libraries are not build by default.
C/C++: evaluate library xenia-apu (arm64-v8a)
C/C++: not building target library xenia-apu because static libraries are not build by default.
C/C++: evaluate library xenia-hid-nop (arm64-v8a)
C/C++: not building target library xenia-hid-nop because static libraries are not build by default.
C/C++: evaluate library xenia-gpu-null (arm64-v8a)
C/C++: not building target library xenia-gpu-null because static libraries are not build by default.
C/C++: evaluate library xenia-ui-vulkan (arm64-v8a)
C/C++: not building target library xenia-ui-vulkan because static libraries are not build by default.
C/C++: evaluate library xenia-hid (arm64-v8a)
C/C++: not building target library xenia-hid because static libraries are not build by default.
C/C++: evaluate library xenia-ui (arm64-v8a)
C/C++: not building target library xenia-ui because static libraries are not build by default.
C/C++: evaluate library xenia-core (arm64-v8a)
C/C++: not building target library xenia-core because static libraries are not build by default.
C/C++: evaluate library xenia-cpu-backend-x64 (arm64-v8a)
C/C++: not building target library xenia-cpu-backend-x64 because static libraries are not build by default.
C/C++: evaluate library xenia-vfs (arm64-v8a)
C/C++: not building target library xenia-vfs because static libraries are not build by default.
C/C++: evaluate library xenia-hid-skylander (arm64-v8a)
C/C++: not building target library xenia-hid-skylander because static libraries are not build by default.
C/C++: evaluate library zstd (arm64-v8a)
C/C++: not building target library zstd because static libraries are not build by default.
C/C++: evaluate library fmt (arm64-v8a)
C/C++: not building target library fmt because static libraries are not build by default.
C/C++: evaluate library libavcodec (arm64-v8a)
C/C++: not building target library libavcodec because static libraries are not build by default.
C/C++: evaluate library snappy (arm64-v8a)
C/C++: not building target library snappy because static libraries are not build by default.
C/C++: evaluate library capstone (arm64-v8a)
C/C++: not building target library capstone because static libraries are not build by default.
C/C++: evaluate library xenia-debug-ui (arm64-v8a)
C/C++: not building target library xenia-debug-ui because static libraries are not build by default.
C/C++: evaluate library libavformat (arm64-v8a)
C/C++: not building target library libavformat because static libraries are not build by default.
C/C++: evaluate library xenia-cpu (arm64-v8a)
C/C++: not building target library xenia-cpu because static libraries are not build by default.
C/C++: evaluate library glslang-spirv (arm64-v8a)
C/C++: not building target library glslang-spirv because static libraries are not build by default.
C/C++: evaluate library libavutil (arm64-v8a)
C/C++: not building target library libavutil because static libraries are not build by default.
C/C++: evaluate library pugixml (arm64-v8a)
C/C++: not building target library pugixml because static libraries are not build by default.
C/C++: evaluate library xenia-gpu-vulkan (arm64-v8a)
C/C++: not building target library xenia-gpu-vulkan because static libraries are not build by default.
C/C++: evaluate library zarchive (arm64-v8a)
C/C++: not building target library zarchive because static libraries are not build by default.
C/C++: evaluate library xenia-cpu-backend-a64 (arm64-v8a)
C/C++: not building target library xenia-cpu-backend-a64 because static libraries are not build by default.
C/C++: evaluate library xenia-app-discord (arm64-v8a)
C/C++: not building target library xenia-app-discord because static libraries are not build by default.
C/C++: evaluate library xenia-base (arm64-v8a)
C/C++: not building target library xenia-base because static libraries are not build by default.
C/C++: evaluate library imgui (arm64-v8a)
C/C++: not building target library imgui because static libraries are not build by default.
C/C++: evaluate library dxbc (arm64-v8a)
C/C++: not building target library dxbc because static libraries are not build by default.
C/C++: evaluate library hardware_ProcessorInfo (arm64-v8a)
C/C++: building target library hardware_ProcessorInfo because no targets are specified.
C/C++: evaluate library aes_128 (arm64-v8a)
C/C++: not building target library aes_128 because static libraries are not build by default.
C/C++: evaluate library xenia-patcher (arm64-v8a)
C/C++: not building target library xenia-patcher because static libraries are not build by default.
C/C++: about to build targets emu, hardware_ProcessorInfo
C/C++: Build multiple targets emu_arm64-v8a hardware_ProcessorInfo_arm64-v8a
C/C++: @echo off
"C:\\Users\\kirby\\AppData\\Local\\Android\\Sdk\\cmake\\3.22.1\\bin\\ninja.exe" ^
  -C ^
  "D:\\ax360e++\\aX360e\\app\\.cxx\\Debug\\6kx57t1q\\arm64-v8a" ^
  emu ^
  hardware_ProcessorInfo

Starting process 'command 'C:\Users\kirby\AppData\Local\Android\Sdk\cmake\3.22.1\bin\ninja.exe''. Working directory: D:\ax360e++\aX360e\app Command: C:\Users\kirby\AppData\Local\Android\Sdk\cmake\3.22.1\bin\ninja.exe -C D:\ax360e++\aX360e\app\.cxx\Debug\6kx57t1q\arm64-v8a emu hardware_ProcessorInfo
Successfully started process 'command 'C:\Users\kirby\AppData\Local\Android\Sdk\cmake\3.22.1\bin\ninja.exe''
C/C++: ninja: Entering directory `D:\ax360e++\aX360e\app\.cxx\Debug\6kx57t1q\arm64-v8a'
C/C++: C:\Users\kirby\AppData\Local\Android\Sdk\ndk\27.0.12077973\toolchains\llvm\prebuilt\windows-x86_64\bin\clang++.exe --target=aarch64-none-linux-android26 --sysroot=C:/Users/kirby/AppData/Local/Android/Sdk/ndk/27.0.12077973/toolchains/llvm/prebuilt/windows-x86_64/sysroot -Demu_EXPORTS -ID:/ax360e++/aX360e/app/src/main/cpp -ID:/ax360e++/aX360e/app/src/main/cpp/xenia -ID:/ax360e++/aX360e/app/src/main/cpp/xenia/src -ID:/ax360e++/aX360e/app/src/main/cpp/xenia/third_party -g -DANDROID -fdata-sections -ffunction-sections -funwind-tables -fstack-protector-strong -no-canonical-prefixes -D_FORTIFY_SOURCE=2 -Wformat -Werror=format-security  -std=c++20 -fno-limit-debug-info  -fPIC -march=armv8-a -stdlib=libc++ -fPIC -fno-omit-frame-pointer -funwind-tables -MD -MT CMakeFiles/emu.dir/vk_symbols.cpp.o -MF CMakeFiles\emu.dir\vk_symbols.cpp.o.d -o CMakeFiles/emu.dir/vk_symbols.cpp.o -c D:/ax360e++/aX360e/app/src/main/cpp/vk_symbols.cpp
C/C++: In file included from D:/ax360e++/aX360e/app/src/main/cpp/vk_symbols.cpp:1:
C/C++: In file included from D:/ax360e++/aX360e/app/src/main/cpp/vk_symbols.h:8:
C/C++: D:/ax360e++/aX360e/app/src/main/cpp/vksym.h:2:1: error: unknown type name 'PFN_vkAcquireNextImageKHR'
C/C++:     2 | VKFN(vkAcquireNextImageKHR);
C/C++:       | ^
C/C++: D:/ax360e++/aX360e/app/src/main/cpp/vk_symbols.h:7:27: note: expanded from macro 'VKFN'
C/C++:     7 | #define VKFN(func) extern PFN_##func func##_
C/C++:       |                           ^
C/C++: <scratch space>:2:1: note: expanded from here
C/C++:     2 | PFN_vkAcquireNextImageKHR
C/C++:       | ^
C/C++: In file included from D:/ax360e++/aX360e/app/src/main/cpp/vk_symbols.cpp:1:
C/C++: In file included from D:/ax360e++/aX360e/app/src/main/cpp/vk_symbols.h:8:
C/C++: D:/ax360e++/aX360e/app/src/main/cpp/vksym.h:3:1: error: unknown type name 'PFN_vkAllocateCommandBuffers'
C/C++:     3 | VKFN(vkAllocateCommandBuffers);
C/C++:       | ^
C/C++: D:/ax360e++/aX360e/app/src/main/cpp/vk_symbols.h:7:27: note: expanded from macro 'VKFN'
C/C++:     7 | #define VKFN(func) extern PFN_##func func##_
C/C++:       |                           ^
C/C++: <scratch space>:4:1: note: expanded from here
C/C++:     4 | PFN_vkAllocateCommandBuffers
C/C++:       | ^
C/C++: In file included from D:/ax360e++/aX360e/app/src/main/cpp/vk_symbols.cpp:1:
C/C++: In file included from D:/ax360e++/aX360e/app/src/main/cpp/vk_symbols.h:8:
C/C++: D:/ax360e++/aX360e/app/src/main/cpp/vksym.h:4:1: error: unknown type name 'PFN_vkAllocateDescriptorSets'
C/C++:     4 | VKFN(vkAllocateDescriptorSets);
C/C++:       | ^
C/C++: D:/ax360e++/aX360e/app/src/main/cpp/vk_symbols.h:7:27: note: expanded from macro 'VKFN'
C/C++:     7 | #define VKFN(func) extern PFN_##func func##_
C/C++:       |                           ^
C/C++: <scratch space>:6:1: note: expanded from here
C/C++:     6 | PFN_vkAllocateDescriptorSets
C/C++:       | ^
C/C++: In file included from D:/ax360e++/aX360e/app/src/main/cpp/vk_symbols.cpp:1:
C/C++: In file included from D:/ax360e++/aX360e/app/src/main/cpp/vk_symbols.h:8:
C/C++: D:/ax360e++/aX360e/app/src/main/cpp/vksym.h:5:1: error: unknown type name 'PFN_vkAllocateMemory'
C/C++:     5 | VKFN(vkAllocateMemory);
C/C++:       | ^
C/C++: D:/ax360e++/aX360e/app/src/main/cpp/vk_symbols.h:7:27: note: expanded from macro 'VKFN'
C/C++:     7 | #define VKFN(func) extern PFN_##func func##_
C/C++:       |                           ^
C/C++: <scratch space>:8:1: note: expanded from here
C/C++:     8 | PFN_vkAllocateMemory
C/C++:       | ^
C/C++: In file included from D:/ax360e++/aX360e/app/src/main/cpp/vk_symbols.cpp:1:
C/C++: In file included from D:/ax360e++/aX360e/app/src/main/cpp/vk_symbols.h:8:
C/C++: D:/ax360e++/aX360e/app/src/main/cpp/vksym.h:6:1: error: unknown type name 'PFN_vkBeginCommandBuffer'
C/C++:     6 | VKFN(vkBeginCommandBuffer);
C/C++:       | ^
C/C++: D:/ax360e++/aX360e/app/src/main/cpp/vk_symbols.h:7:27: note: expanded from macro 'VKFN'
C/C++:     7 | #define VKFN(func) extern PFN_##func func##_
C/C++:       |                           ^
C/C++: <scratch space>:10:1: note: expanded from here
C/C++:    10 | PFN_vkBeginCommandBuffer
C/C++:       | ^
C/C++: In file included from D:/ax360e++/aX360e/app/src/main/cpp/vk_symbols.cpp:1:
C/C++: In file included from D:/ax360e++/aX360e/app/src/main/cpp/vk_symbols.h:8:
C/C++: D:/ax360e++/aX360e/app/src/main/cpp/vksym.h:7:1: error: unknown type name 'PFN_vkBindBufferMemory'
C/C++:     7 | VKFN(vkBindBufferMemory);
C/C++:       | ^
C/C++: D:/ax360e++/aX360e/app/src/main/cpp/vk_symbols.h:7:27: note: expanded from macro 'VKFN'
C/C++:     7 | #define VKFN(func) extern PFN_##func func##_
C/C++:       |                           ^
C/C++: <scratch space>:12:1: note: expanded from here
C/C++:    12 | PFN_vkBindBufferMemory
C/C++:       | ^
C/C++: In file included from D:/ax360e++/aX360e/app/src/main/cpp/vk_symbols.cpp:1:
C/C++: In file included from D:/ax360e++/aX360e/app/src/main/cpp/vk_symbols.h:8:
C/C++: D:/ax360e++/aX360e/app/src/main/cpp/vksym.h:8:1: error: unknown type name 'PFN_vkBindImageMemory'
C/C++:     8 | VKFN(vkBindImageMemory);
C/C++:       | ^
C/C++: D:/ax360e++/aX360e/app/src/main/cpp/vk_symbols.h:7:27: note: expanded from macro 'VKFN'
C/C++:     7 | #define VKFN(func) extern PFN_##func func##_
C/C++:       |                           ^
C/C++: <scratch space>:14:1: note: expanded from here
C/C++:    14 | PFN_vkBindImageMemory
C/C++:       | ^
C/C++: In file included from D:/ax360e++/aX360e/app/src/main/cpp/vk_symbols.cpp:1:
C/C++: In file included from D:/ax360e++/aX360e/app/src/main/cpp/vk_symbols.h:8:
C/C++: D:/ax360e++/aX360e/app/src/main/cpp/vksym.h:9:1: error: unknown type name 'PFN_vkCmdBeginConditionalRenderingEXT'
C/C++:     9 | VKFN(vkCmdBeginConditionalRenderingEXT);
C/C++:       | ^
C/C++: D:/ax360e++/aX360e/app/src/main/cpp/vk_symbols.h:7:27: note: expanded from macro 'VKFN'
C/C++:     7 | #define VKFN(func) extern PFN_##func func##_
C/C++:       |                           ^
C/C++: <scratch space>:16:1: note: expanded from here
C/C++:    16 | PFN_vkCmdBeginConditionalRenderingEXT
C/C++:       | ^
C/C++: In file included from D:/ax360e++/aX360e/app/src/main/cpp/vk_symbols.cpp:1:
C/C++: In file included from D:/ax360e++/aX360e/app/src/main/cpp/vk_symbols.h:8:
C/C++: D:/ax360e++/aX360e/app/src/main/cpp/vksym.h:10:1: error: unknown type name 'PFN_vkCmdBeginQuery'
C/C++:    10 | VKFN(vkCmdBeginQuery);
C/C++:       | ^
C/C++: D:/ax360e++/aX360e/app/src/main/cpp/vk_symbols.h:7:27: note: expanded from macro 'VKFN'
C/C++:     7 | #define VKFN(func) extern PFN_##func func##_
C/C++:       |                           ^
C/C++: <scratch space>:18:1: note: expanded from here
C/C++:    18 | PFN_vkCmdBeginQuery
C/C++:       | ^
C/C++: In file included from D:/ax360e++/aX360e/app/src/main/cpp/vk_symbols.cpp:1:
C/C++: In file included from D:/ax360e++/aX360e/app/src/main/cpp/vk_symbols.h:8:
C/C++: D:/ax360e++/aX360e/app/src/main/cpp/vksym.h:11:1: error: unknown type name 'PFN_vkCmdBeginRenderPass'
C/C++:    11 | VKFN(vkCmdBeginRenderPass);
C/C++:       | ^
C/C++: D:/ax360e++/aX360e/app/src/main/cpp/vk_symbols.h:7:27: note: expanded from macro 'VKFN'
C/C++:     7 | #define VKFN(func) extern PFN_##func func##_
C/C++:       |                           ^
C/C++: <scratch space>:20:1: note: expanded from here
C/C++:    20 | PFN_vkCmdBeginRenderPass
C/C++:       | ^
C/C++: In file included from D:/ax360e++/aX360e/app/src/main/cpp/vk_symbols.cpp:1:
C/C++: In file included from D:/ax360e++/aX360e/app/src/main/cpp/vk_symbols.h:8:
C/C++: D:/ax360e++/aX360e/app/src/main/cpp/vksym.h:12:1: error: unknown type name 'PFN_vkCmdBindDescriptorSets'
C/C++:    12 | VKFN(vkCmdBindDescriptorSets);
C/C++:       | ^
C/C++: D:/ax360e++/aX360e/app/src/main/cpp/vk_symbols.h:7:27: note: expanded from macro 'VKFN'
C/C++:     7 | #define VKFN(func) extern PFN_##func func##_
C/C++:       |                           ^
C/C++: <scratch space>:22:1: note: expanded from here
C/C++:    22 | PFN_vkCmdBindDescriptorSets
C/C++:       | ^
C/C++: In file included from D:/ax360e++/aX360e/app/src/main/cpp/vk_symbols.cpp:1:
C/C++: In file included from D:/ax360e++/aX360e/app/src/main/cpp/vk_symbols.h:8:
C/C++: D:/ax360e++/aX360e/app/src/main/cpp/vksym.h:13:1: error: unknown type name 'PFN_vkCmdBindIndexBuffer'
C/C++:    13 | VKFN(vkCmdBindIndexBuffer);
C/C++:       | ^
C/C++: D:/ax360e++/aX360e/app/src/main/cpp/vk_symbols.h:7:27: note: expanded from macro 'VKFN'
C/C++:     7 | #define VKFN(func) extern PFN_##func func##_
C/C++:       |                           ^
C/C++: <scratch space>:24:1: note: expanded from here
C/C++:    24 | PFN_vkCmdBindIndexBuffer
C/C++:       | ^
C/C++: In file included from D:/ax360e++/aX360e/app/src/main/cpp/vk_symbols.cpp:1:
C/C++: In file included from D:/ax360e++/aX360e/app/src/main/cpp/vk_symbols.h:8:
C/C++: D:/ax360e++/aX360e/app/src/main/cpp/vksym.h:14:1: error: unknown type name 'PFN_vkCmdBindPipeline'
C/C++:    14 | VKFN(vkCmdBindPipeline);
C/C++:       | ^
C/C++: D:/ax360e++/aX360e/app/src/main/cpp/vk_symbols.h:7:27: note: expanded from macro 'VKFN'
C/C++:     7 | #define VKFN(func) extern PFN_##func func##_
C/C++:       |                           ^
C/C++: <scratch space>:26:1: note: expanded from here
C/C++:    26 | PFN_vkCmdBindPipeline
C/C++:       | ^
C/C++: In file included from D:/ax360e++/aX360e/app/src/main/cpp/vk_symbols.cpp:1:
C/C++: In file included from D:/ax360e++/aX360e/app/src/main/cpp/vk_symbols.h:8:
C/C++: D:/ax360e++/aX360e/app/src/main/cpp/vksym.h:15:1: error: unknown type name 'PFN_vkCmdBindVertexBuffers'
C/C++:    15 | VKFN(vkCmdBindVertexBuffers);
C/C++:       | ^
C/C++: D:/ax360e++/aX360e/app/src/main/cpp/vk_symbols.h:7:27: note: expanded from macro 'VKFN'
C/C++:     7 | #define VKFN(func) extern PFN_##func func##_
C/C++:       |                           ^
C/C++: <scratch space>:28:1: note: expanded from here
C/C++:    28 | PFN_vkCmdBindVertexBuffers
C/C++:       | ^
C/C++: In file included from D:/ax360e++/aX360e/app/src/main/cpp/vk_symbols.cpp:1:
C/C++: In file included from D:/ax360e++/aX360e/app/src/main/cpp/vk_symbols.h:8:
C/C++: D:/ax360e++/aX360e/app/src/main/cpp/vksym.h:16:1: error: unknown type name 'PFN_vkCmdBlitImage'
C/C++:    16 | VKFN(vkCmdBlitImage);
C/C++:       | ^
C/C++: D:/ax360e++/aX360e/app/src/main/cpp/vk_symbols.h:7:27: note: expanded from macro 'VKFN'
C/C++:     7 | #define VKFN(func) extern PFN_##func func##_
C/C++:       |                           ^
C/C++: <scratch space>:30:1: note: expanded from here
C/C++:    30 | PFN_vkCmdBlitImage
C/C++:       | ^
C/C++: In file included from D:/ax360e++/aX360e/app/src/main/cpp/vk_symbols.cpp:1:
C/C++: In file included from D:/ax360e++/aX360e/app/src/main/cpp/vk_symbols.h:8:
C/C++: D:/ax360e++/aX360e/app/src/main/cpp/vksym.h:17:1: error: unknown type name 'PFN_vkCmdClearAttachments'
C/C++:    17 | VKFN(vkCmdClearAttachments);
C/C++:       | ^
C/C++: D:/ax360e++/aX360e/app/src/main/cpp/vk_symbols.h:7:27: note: expanded from macro 'VKFN'
C/C++:     7 | #define VKFN(func) extern PFN_##func func##_
C/C++:       |                           ^
C/C++: <scratch space>:32:1: note: expanded from here
C/C++:    32 | PFN_vkCmdClearAttachments
C/C++:       | ^
C/C++: In file included from D:/ax360e++/aX360e/app/src/main/cpp/vk_symbols.cpp:1:
C/C++: In file included from D:/ax360e++/aX360e/app/src/main/cpp/vk_symbols.h:8:
C/C++: D:/ax360e++/aX360e/app/src/main/cpp/vksym.h:18:1: error: unknown type name 'PFN_vkCmdClearColorImage'
C/C++:    18 | VKFN(vkCmdClearColorImage);
C/C++:       | ^
C/C++: D:/ax360e++/aX360e/app/src/main/cpp/vk_symbols.h:7:27: note: expanded from macro 'VKFN'
C/C++:     7 | #define VKFN(func) extern PFN_##func func##_
C/C++:       |                           ^
C/C++: <scratch space>:34:1: note: expanded from here
C/C++:    34 | PFN_vkCmdClearColorImage
C/C++:       | ^
C/C++: In file included from D:/ax360e++/aX360e/app/src/main/cpp/vk_symbols.cpp:1:
C/C++: In file included from D:/ax360e++/aX360e/app/src/main/cpp/vk_symbols.h:8:
C/C++: D:/ax360e++/aX360e/app/src/main/cpp/vksym.h:19:1: error: unknown type name 'PFN_vkCmdClearDepthStencilImage'
C/C++:    19 | VKFN(vkCmdClearDepthStencilImage);
C/C++:       | ^
C/C++: D:/ax360e++/aX360e/app/src/main/cpp/vk_symbols.h:7:27: note: expanded from macro 'VKFN'
C/C++:     7 | #define VKFN(func) extern PFN_##func func##_
C/C++:       |                           ^
C/C++: <scratch space>:36:1: note: expanded from here
C/C++:    36 | PFN_vkCmdClearDepthStencilImage
C/C++:       | ^
C/C++: In file included from D:/ax360e++/aX360e/app/src/main/cpp/vk_symbols.cpp:1:
C/C++: In file included from D:/ax360e++/aX360e/app/src/main/cpp/vk_symbols.h:8:
C/C++: D:/ax360e++/aX360e/app/src/main/cpp/vksym.h:20:1: error: unknown type name 'PFN_vkCmdCopyBuffer'
C/C++:    20 | VKFN(vkCmdCopyBuffer);
C/C++:       | ^
C/C++: D:/ax360e++/aX360e/app/src/main/cpp/vk_symbols.h:7:27: note: expanded from macro 'VKFN'
C/C++:     7 | #define VKFN(func) extern PFN_##func func##_
C/C++:       |                           ^
C/C++: <scratch space>:38:1: note: expanded from here
C/C++:    38 | PFN_vkCmdCopyBuffer
C/C++:       | ^
C/C++: fatal error: too many errors emitted, stopping now [-ferror-limit=]
C/C++: 20 errors generated.
C/C++: clang: warning: argument unused during compilation: '-stdlib=libc++' [-Wunused-command-line-argument]
C/C++: [6/270] Building CXX object CMakeFiles/xenia-base.dir/xenia/src/xenia/base/bit_stream.cc.o
C/C++: [7/270] Building CXX object CMakeFiles/emu.dir/vkutil.cpp.o
C/C++: FAILED: CMakeFiles/emu.dir/vkutil.cpp.o 
C/C++: C:\Users\kirby\AppData\Local\Android\Sdk\ndk\27.0.12077973\toolchains\llvm\prebuilt\windows-x86_64\bin\clang++.exe --target=aarch64-none-linux-android26 --sysroot=C:/Users/kirby/AppData/Local/Android/Sdk/ndk/27.0.12077973/toolchains/llvm/prebuilt/windows-x86_64/sysroot -Demu_EXPORTS -ID:/ax360e++/aX360e/app/src/main/cpp -ID:/ax360e++/aX360e/app/src/main/cpp/xenia -ID:/ax360e++/aX360e/app/src/main/cpp/xenia/src -ID:/ax360e++/aX360e/app/src/main/cpp/xenia/third_party -g -DANDROID -fdata-sections -ffunction-sections -funwind-tables -fstack-protector-strong -no-canonical-prefixes -D_FORTIFY_SOURCE=2 -Wformat -Werror=format-security  -std=c++20 -fno-limit-debug-info  -fPIC -march=armv8-a -stdlib=libc++ -fPIC -fno-omit-frame-pointer -funwind-tables -MD -MT CMakeFiles/emu.dir/vkutil.cpp.o -MF CMakeFiles\emu.dir\vkutil.cpp.o.d -o CMakeFiles/emu.dir/vkutil.cpp.o -c D:/ax360e++/aX360e/app/src/main/cpp/vkutil.cpp
C/C++: In file included from D:/ax360e++/aX360e/app/src/main/cpp/vkutil.cpp:6:
C/C++: In file included from D:/ax360e++/aX360e/app/src/main/cpp/vkutil.h:9:
C/C++: In file included from D:/ax360e++/aX360e/app/src/main/cpp/vk_symbols.h:8:
C/C++: D:/ax360e++/aX360e/app/src/main/cpp/vksym.h:2:1: error: unknown type name 'PFN_vkAcquireNextImageKHR'
C/C++:     2 | VKFN(vkAcquireNextImageKHR);
C/C++:       | ^
C/C++: D:/ax360e++/aX360e/app/src/main/cpp/vk_symbols.h:7:27: note: expanded from macro 'VKFN'
C/C++:     7 | #define VKFN(func) extern PFN_##func func##_
C/C++:       |                           ^
C/C++: <scratch space>:2:1: note: expanded from here
C/C++:     2 | PFN_vkAcquireNextImageKHR
C/C++:       | ^
C/C++: In file included from D:/ax360e++/aX360e/app/src/main/cpp/vkutil.cpp:6:
C/C++: In file included from D:/ax360e++/aX360e/app/src/main/cpp/vkutil.h:9:
C/C++: In file included from D:/ax360e++/aX360e/app/src/main/cpp/vk_symbols.h:8:
C/C++: D:/ax360e++/aX360e/app/src/main/cpp/vksym.h:3:1: error: unknown type name 'PFN_vkAllocateCommandBuffers'
C/C++:     3 | VKFN(vkAllocateCommandBuffers);
C/C++:       | ^
C/C++: D:/ax360e++/aX360e/app/src/main/cpp/vk_symbols.h:7:27: note: expanded from macro 'VKFN'
C/C++:     7 | #define VKFN(func) extern PFN_##func func##_
C/C++:       |                           ^
C/C++: <scratch space>:4:1: note: expanded from here
C/C++:     4 | PFN_vkAllocateCommandBuffers
C/C++:       | ^
C/C++: In file included from D:/ax360e++/aX360e/app/src/main/cpp/vkutil.cpp:6:
C/C++: In file included from D:/ax360e++/aX360e/app/src/main/cpp/vkutil.h:9:
C/C++: In file included from D:/ax360e++/aX360e/app/src/main/cpp/vk_symbols.h:8:
C/C++: D:/ax360e++/aX360e/app/src/main/cpp/vksym.h:4:1: error: unknown type name 'PFN_vkAllocateDescriptorSets'
C/C++:     4 | VKFN(vkAllocateDescriptorSets);
C/C++:       | ^
C/C++: D:/ax360e++/aX360e/app/src/main/cpp/vk_symbols.h:7:27: note: expanded from macro 'VKFN'
C/C++:     7 | #define VKFN(func) extern PFN_##func func##_
C/C++:       |                           ^
C/C++: <scratch space>:6:1: note: expanded from here
C/C++:     6 | PFN_vkAllocateDescriptorSets
C/C++:       | ^
C/C++: In file included from D:/ax360e++/aX360e/app/src/main/cpp/vkutil.cpp:6:
C/C++: In file included from D:/ax360e++/aX360e/app/src/main/cpp/vkutil.h:9:
C/C++: In file included from D:/ax360e++/aX360e/app/src/main/cpp/vk_symbols.h:8:
C/C++: D:/ax360e++/aX360e/app/src/main/cpp/vksym.h:5:1: error: unknown type name 'PFN_vkAllocateMemory'
C/C++:     5 | VKFN(vkAllocateMemory);
C/C++:       | ^
C/C++: D:/ax360e++/aX360e/app/src/main/cpp/vk_symbols.h:7:27: note: expanded from macro 'VKFN'
C/C++:     7 | #define VKFN(func) extern PFN_##func func##_
C/C++:       |                           ^
C/C++: <scratch space>:8:1: note: expanded from here
C/C++:     8 | PFN_vkAllocateMemory
C/C++:       | ^
C/C++: In file included from D:/ax360e++/aX360e/app/src/main/cpp/vkutil.cpp:6:
C/C++: In file included from D:/ax360e++/aX360e/app/src/main/cpp/vkutil.h:9:
C/C++: In file included from D:/ax360e++/aX360e/app/src/main/cpp/vk_symbols.h:8:
C/C++: D:/ax360e++/aX360e/app/src/main/cpp/vksym.h:6:1: error: unknown type name 'PFN_vkBeginCommandBuffer'
C/C++:     6 | VKFN(vkBeginCommandBuffer);
C/C++:       | ^
C/C++: D:/ax360e++/aX360e/app/src/main/cpp/vk_symbols.h:7:27: note: expanded from macro 'VKFN'
C/C++:     7 | #define VKFN(func) extern PFN_##func func##_
C/C++:       |                           ^
C/C++: <scratch space>:10:1: note: expanded from here
C/C++:    10 | PFN_vkBeginCommandBuffer
C/C++:       | ^
C/C++: In file included from D:/ax360e++/aX360e/app/src/main/cpp/vkutil.cpp:6:
C/C++: In file included from D:/ax360e++/aX360e/app/src/main/cpp/vkutil.h:9:
C/C++: In file included from D:/ax360e++/aX360e/app/src/main/cpp/vk_symbols.h:8:
C/C++: D:/ax360e++/aX360e/app/src/main/cpp/vksym.h:7:1: error: unknown type name 'PFN_vkBindBufferMemory'
C/C++:     7 | VKFN(vkBindBufferMemory);
C/C++:       | ^
C/C++: D:/ax360e++/aX360e/app/src/main/cpp/vk_symbols.h:7:27: note: expanded from macro 'VKFN'
C/C++:     7 | #define VKFN(func) extern PFN_##func func##_
C/C++:       |                           ^
C/C++: <scratch space>:12:1: note: expanded from here
C/C++:    12 | PFN_vkBindBufferMemory
C/C++:       | ^
C/C++: In file included from D:/ax360e++/aX360e/app/src/main/cpp/vkutil.cpp:6:
C/C++: In file included from D:/ax360e++/aX360e/app/src/main/cpp/vkutil.h:9:
C/C++: In file included from D:/ax360e++/aX360e/app/src/main/cpp/vk_symbols.h:8:
C/C++: D:/ax360e++/aX360e/app/src/main/cpp/vksym.h:8:1: error: unknown type name 'PFN_vkBindImageMemory'
C/C++:     8 | VKFN(vkBindImageMemory);
C/C++:       | ^
C/C++: D:/ax360e++/aX360e/app/src/main/cpp/vk_symbols.h:7:27: note: expanded from macro 'VKFN'
C/C++:     7 | #define VKFN(func) extern PFN_##func func##_
C/C++:       |                           ^
C/C++: <scratch space>:14:1: note: expanded from here
C/C++:    14 | PFN_vkBindImageMemory
C/C++:       | ^
C/C++: In file included from D:/ax360e++/aX360e/app/src/main/cpp/vkutil.cpp:6:
C/C++: In file included from D:/ax360e++/aX360e/app/src/main/cpp/vkutil.h:9:
C/C++: In file included from D:/ax360e++/aX360e/app/src/main/cpp/vk_symbols.h:8:
C/C++: D:/ax360e++/aX360e/app/src/main/cpp/vksym.h:9:1: error: unknown type name 'PFN_vkCmdBeginConditionalRenderingEXT'
C/C++:     9 | VKFN(vkCmdBeginConditionalRenderingEXT);
C/C++:       | ^
C/C++: D:/ax360e++/aX360e/app/src/main/cpp/vk_symbols.h:7:27: note: expanded from macro 'VKFN'
C/C++:     7 | #define VKFN(func) extern PFN_##func func##_
C/C++:       |                           ^
C/C++: <scratch space>:16:1: note: expanded from here
C/C++:    16 | PFN_vkCmdBeginConditionalRenderingEXT
C/C++:       | ^
C/C++: In file included from D:/ax360e++/aX360e/app/src/main/cpp/vkutil.cpp:6:
C/C++: In file included from D:/ax360e++/aX360e/app/src/main/cpp/vkutil.h:9:
C/C++: In file included from D:/ax360e++/aX360e/app/src/main/cpp/vk_symbols.h:8:
C/C++: D:/ax360e++/aX360e/app/src/main/cpp/vksym.h:10:1: error: unknown type name 'PFN_vkCmdBeginQuery'
C/C++:    10 | VKFN(vkCmdBeginQuery);
C/C++:       | ^
C/C++: D:/ax360e++/aX360e/app/src/main/cpp/vk_symbols.h:7:27: note: expanded from macro 'VKFN'
C/C++:     7 | #define VKFN(func) extern PFN_##func func##_
C/C++:       |                           ^
C/C++: <scratch space>:18:1: note: expanded from here
C/C++:    18 | PFN_vkCmdBeginQuery
C/C++:       | ^
C/C++: In file included from D:/ax360e++/aX360e/app/src/main/cpp/vkutil.cpp:6:
C/C++: In file included from D:/ax360e++/aX360e/app/src/main/cpp/vkutil.h:9:
C/C++: In file included from D:/ax360e++/aX360e/app/src/main/cpp/vk_symbols.h:8:
C/C++: D:/ax360e++/aX360e/app/src/main/cpp/vksym.h:11:1: error: unknown type name 'PFN_vkCmdBeginRenderPass'
C/C++:    11 | VKFN(vkCmdBeginRenderPass);
C/C++:       | ^
C/C++: D:/ax360e++/aX360e/app/src/main/cpp/vk_symbols.h:7:27: note: expanded from macro 'VKFN'
C/C++:     7 | #define VKFN(func) extern PFN_##func func##_
C/C++:       |                           ^
C/C++: <scratch space>:20:1: note: expanded from here
C/C++:    20 | PFN_vkCmdBeginRenderPass
C/C++:       | ^
C/C++: In file included from D:/ax360e++/aX360e/app/src/main/cpp/vkutil.cpp:6:
C/C++: In file included from D:/ax360e++/aX360e/app/src/main/cpp/vkutil.h:9:
C/C++: In file included from D:/ax360e++/aX360e/app/src/main/cpp/vk_symbols.h:8:
C/C++: D:/ax360e++/aX360e/app/src/main/cpp/vksym.h:12:1: error: unknown type name 'PFN_vkCmdBindDescriptorSets'
C/C++:    12 | VKFN(vkCmdBindDescriptorSets);
C/C++:       | ^
C/C++: D:/ax360e++/aX360e/app/src/main/cpp/vk_symbols.h:7:27: note: expanded from macro 'VKFN'
C/C++:     7 | #define VKFN(func) extern PFN_##func func##_
C/C++:       |                           ^
C/C++: <scratch space>:22:1: note: expanded from here
C/C++:    22 | PFN_vkCmdBindDescriptorSets
C/C++:       | ^
C/C++: In file included from D:/ax360e++/aX360e/app/src/main/cpp/vkutil.cpp:6:
C/C++: In file included from D:/ax360e++/aX360e/app/src/main/cpp/vkutil.h:9:
C/C++: In file included from D:/ax360e++/aX360e/app/src/main/cpp/vk_symbols.h:8:
C/C++: D:/ax360e++/aX360e/app/src/main/cpp/vksym.h:13:1: error: unknown type name 'PFN_vkCmdBindIndexBuffer'
C/C++:    13 | VKFN(vkCmdBindIndexBuffer);
C/C++:       | ^
C/C++: D:/ax360e++/aX360e/app/src/main/cpp/vk_symbols.h:7:27: note: expanded from macro 'VKFN'
C/C++:     7 | #define VKFN(func) extern PFN_##func func##_
C/C++:       |                           ^
C/C++: <scratch space>:24:1: note: expanded from here
C/C++:    24 | PFN_vkCmdBindIndexBuffer
C/C++:       | ^
C/C++: In file included from D:/ax360e++/aX360e/app/src/main/cpp/vkutil.cpp:6:
C/C++: In file included from D:/ax360e++/aX360e/app/src/main/cpp/vkutil.h:9:
C/C++: In file included from D:/ax360e++/aX360e/app/src/main/cpp/vk_symbols.h:8:
C/C++: D:/ax360e++/aX360e/app/src/main/cpp/vksym.h:14:1: error: unknown type name 'PFN_vkCmdBindPipeline'
C/C++:    14 | VKFN(vkCmdBindPipeline);
C/C++:       | ^
C/C++: D:/ax360e++/aX360e/app/src/main/cpp/vk_symbols.h:7:27: note: expanded from macro 'VKFN'
C/C++:     7 | #define VKFN(func) extern PFN_##func func##_
C/C++:       |                           ^
C/C++: <scratch space>:26:1: note: expanded from here
C/C++:    26 | PFN_vkCmdBindPipeline
C/C++:       | ^
C/C++: In file included from D:/ax360e++/aX360e/app/src/main/cpp/vkutil.cpp:6:
C/C++: In file included from D:/ax360e++/aX360e/app/src/main/cpp/vkutil.h:9:
C/C++: In file included from D:/ax360e++/aX360e/app/src/main/cpp/vk_symbols.h:8:
C/C++: D:/ax360e++/aX360e/app/src/main/cpp/vksym.h:15:1: error: unknown type name 'PFN_vkCmdBindVertexBuffers'
C/C++:    15 | VKFN(vkCmdBindVertexBuffers);
C/C++:       | ^
C/C++: D:/ax360e++/aX360e/app/src/main/cpp/vk_symbols.h:7:27: note: expanded from macro 'VKFN'
C/C++:     7 | #define VKFN(func) extern PFN_##func func##_
C/C++:       |                           ^
C/C++: <scratch space>:28:1: note: expanded from here
C/C++:    28 | PFN_vkCmdBindVertexBuffers
C/C++:       | ^
C/C++: In file included from D:/ax360e++/aX360e/app/src/main/cpp/vkutil.cpp:6:
C/C++: In file included from D:/ax360e++/aX360e/app/src/main/cpp/vkutil.h:9:
C/C++: In file included from D:/ax360e++/aX360e/app/src/main/cpp/vk_symbols.h:8:
C/C++: D:/ax360e++/aX360e/app/src/main/cpp/vksym.h:16:1: error: unknown type name 'PFN_vkCmdBlitImage'
C/C++:    16 | VKFN(vkCmdBlitImage);
C/C++:       | ^
C/C++: D:/ax360e++/aX360e/app/src/main/cpp/vk_symbols.h:7:27: note: expanded from macro 'VKFN'
C/C++:     7 | #define VKFN(func) extern PFN_##func func##_
C/C++:       |                           ^
C/C++: <scratch space>:30:1: note: expanded from here
C/C++:    30 | PFN_vkCmdBlitImage
C/C++:       | ^
C/C++: In file included from D:/ax360e++/aX360e/app/src/main/cpp/vkutil.cpp:6:
C/C++: In file included from D:/ax360e++/aX360e/app/src/main/cpp/vkutil.h:9:
C/C++: In file included from D:/ax360e++/aX360e/app/src/main/cpp/vk_symbols.h:8:
C/C++: D:/ax360e++/aX360e/app/src/main/cpp/vksym.h:17:1: error: unknown type name 'PFN_vkCmdClearAttachments'
C/C++:    17 | VKFN(vkCmdClearAttachments);
C/C++:       | ^
C/C++: D:/ax360e++/aX360e/app/src/main/cpp/vk_symbols.h:7:27: note: expanded from macro 'VKFN'
C/C++:     7 | #define VKFN(func) extern PFN_##func func##_
C/C++:       |                           ^
C/C++: <scratch space>:32:1: note: expanded from here
C/C++:    32 | PFN_vkCmdClearAttachments
C/C++:       | ^
C/C++: In file included from D:/ax360e++/aX360e/app/src/main/cpp/vkutil.cpp:6:
C/C++: In file included from D:/ax360e++/aX360e/app/src/main/cpp/vkutil.h:9:
C/C++: In file included from D:/ax360e++/aX360e/app/src/main/cpp/vk_symbols.h:8:
C/C++: D:/ax360e++/aX360e/app/src/main/cpp/vksym.h:18:1: error: unknown type name 'PFN_vkCmdClearColorImage'
C/C++:    18 | VKFN(vkCmdClearColorImage);
C/C++:       | ^
C/C++: D:/ax360e++/aX360e/app/src/main/cpp/vk_symbols.h:7:27: note: expanded from macro 'VKFN'
C/C++:     7 | #define VKFN(func) extern PFN_##func func##_
C/C++:       |                           ^
C/C++: <scratch space>:34:1: note: expanded from here
C/C++:    34 | PFN_vkCmdClearColorImage
C/C++:       | ^
C/C++: In file included from D:/ax360e++/aX360e/app/src/main/cpp/vkutil.cpp:6:
C/C++: In file included from D:/ax360e++/aX360e/app/src/main/cpp/vkutil.h:9:
C/C++: In file included from D:/ax360e++/aX360e/app/src/main/cpp/vk_symbols.h:8:
C/C++: D:/ax360e++/aX360e/app/src/main/cpp/vksym.h:19:1: error: unknown type name 'PFN_vkCmdClearDepthStencilImage'
C/C++:    19 | VKFN(vkCmdClearDepthStencilImage);
C/C++:       | ^
C/C++: D:/ax360e++/aX360e/app/src/main/cpp/vk_symbols.h:7:27: note: expanded from macro 'VKFN'
C/C++:     7 | #define VKFN(func) extern PFN_##func func##_
C/C++:       |                           ^
C/C++: <scratch space>:36:1: note: expanded from here
C/C++:    36 | PFN_vkCmdClearDepthStencilImage
C/C++:       | ^
C/C++: In file included from D:/ax360e++/aX360e/app/src/main/cpp/vkutil.cpp:6:
C/C++: In file included from D:/ax360e++/aX360e/app/src/main/cpp/vkutil.h:9:
C/C++: In file included from D:/ax360e++/aX360e/app/src/main/cpp/vk_symbols.h:8:
C/C++: D:/ax360e++/aX360e/app/src/main/cpp/vksym.h:20:1: error: unknown type name 'PFN_vkCmdCopyBuffer'
C/C++:    20 | VKFN(vkCmdCopyBuffer);
C/C++:       | ^
C/C++: D:/ax360e++/aX360e/app/src/main/cpp/vk_symbols.h:7:27: note: expanded from macro 'VKFN'
C/C++:     7 | #define VKFN(func) extern PFN_##func func##_
C/C++:       |                           ^
C/C++: <scratch space>:38:1: note: expanded from here
C/C++:    38 | PFN_vkCmdCopyBuffer
C/C++:       | ^
C/C++: fatal error: too many errors emitted, stopping now [-ferror-limit=]
C/C++: 20 errors generated.
C/C++: C:\Users\kirby\AppData\Local\Android\Sdk\ndk\27.0.12077973\toolchains\llvm\prebuilt\windows-x86_64\bin\clang++.exe --target=aarch64-none-linux-android26 --sysroot=C:/Users/kirby/AppData/Local/Android/Sdk/ndk/27.0.12077973/toolchains/llvm/prebuilt/windows-x86_64/sysroot -Demu_EXPORTS -ID:/ax360e++/aX360e/app/src/main/cpp -ID:/ax360e++/aX360e/app/src/main/cpp/xenia -ID:/ax360e++/aX360e/app/src/main/cpp/xenia/src -ID:/ax360e++/aX360e/app/src/main/cpp/xenia/third_party -g -DANDROID -fdata-sections -ffunction-sections -funwind-tables -fstack-protector-strong -no-canonical-prefixes -D_FORTIFY_SOURCE=2 -Wformat -Werror=format-security  -std=c++20 -fno-limit-debug-info  -fPIC -march=armv8-a -stdlib=libc++ -fPIC -fno-omit-frame-pointer -funwind-tables -MD -MT CMakeFiles/emu.dir/adreno_driver.cpp.o -MF CMakeFiles\emu.dir\adreno_driver.cpp.o.d -o CMakeFiles/emu.dir/adreno_driver.cpp.o -c D:/ax360e++/aX360e/app/src/main/cpp/adreno_driver.cpp
C/C++: In file included from D:/ax360e++/aX360e/app/src/main/cpp/adreno_driver.cpp:2:
C/C++: In file included from D:/ax360e++/aX360e/app/src/main/cpp/vk_symbols.h:8:
C/C++: D:/ax360e++/aX360e/app/src/main/cpp/vksym.h:2:1: error: unknown type name 'PFN_vkAcquireNextImageKHR'
C/C++:     2 | VKFN(vkAcquireNextImageKHR);
C/C++:       | ^
C/C++: D:/ax360e++/aX360e/app/src/main/cpp/vk_symbols.h:7:27: note: expanded from macro 'VKFN'
C/C++:     7 | #define VKFN(func) extern PFN_##func func##_
C/C++:       |                           ^
C/C++: <scratch space>:26:1: note: expanded from here
C/C++:    26 | PFN_vkAcquireNextImageKHR
C/C++:       | ^
C/C++: In file included from D:/ax360e++/aX360e/app/src/main/cpp/adreno_driver.cpp:2:
C/C++: In file included from D:/ax360e++/aX360e/app/src/main/cpp/vk_symbols.h:8:
C/C++: D:/ax360e++/aX360e/app/src/main/cpp/vksym.h:3:1: error: unknown type name 'PFN_vkAllocateCommandBuffers'
C/C++:     3 | VKFN(vkAllocateCommandBuffers);
C/C++:       | ^
C/C++: D:/ax360e++/aX360e/app/src/main/cpp/vk_symbols.h:7:27: note: expanded from macro 'VKFN'
C/C++:     7 | #define VKFN(func) extern PFN_##func func##_
C/C++:       |                           ^
C/C++: <scratch space>:28:1: note: expanded from here
C/C++:    28 | PFN_vkAllocateCommandBuffers
C/C++:       | ^
C/C++: In file included from D:/ax360e++/aX360e/app/src/main/cpp/adreno_driver.cpp:2:
C/C++: In file included from D:/ax360e++/aX360e/app/src/main/cpp/vk_symbols.h:8:
C/C++: D:/ax360e++/aX360e/app/src/main/cpp/vksym.h:4:1: error: unknown type name 'PFN_vkAllocateDescriptorSets'
C/C++:     4 | VKFN(vkAllocateDescriptorSets);
C/C++:       | ^
C/C++: D:/ax360e++/aX360e/app/src/main/cpp/vk_symbols.h:7:27: note: expanded from macro 'VKFN'
C/C++:     7 | #define VKFN(func) extern PFN_##func func##_
C/C++:       |                           ^
C/C++: <scratch space>:30:1: note: expanded from here
C/C++:    30 | PFN_vkAllocateDescriptorSets
C/C++:       | ^
C/C++: In file included from D:/ax360e++/aX360e/app/src/main/cpp/adreno_driver.cpp:2:
C/C++: In file included from D:/ax360e++/aX360e/app/src/main/cpp/vk_symbols.h:8:
C/C++: D:/ax360e++/aX360e/app/src/main/cpp/vksym.h:5:1: error: unknown type name 'PFN_vkAllocateMemory'
C/C++:     5 | VKFN(vkAllocateMemory);
C/C++:       | ^
C/C++: D:/ax360e++/aX360e/app/src/main/cpp/vk_symbols.h:7:27: note: expanded from macro 'VKFN'
C/C++:     7 | #define VKFN(func) extern PFN_##func func##_
C/C++:       |                           ^
C/C++: <scratch space>:32:1: note: expanded from here
C/C++:    32 | PFN_vkAllocateMemory
C/C++:       | ^
C/C++: In file included from D:/ax360e++/aX360e/app/src/main/cpp/adreno_driver.cpp:2:
C/C++: In file included from D:/ax360e++/aX360e/app/src/main/cpp/vk_symbols.h:8:
C/C++: D:/ax360e++/aX360e/app/src/main/cpp/vksym.h:6:1: error: unknown type name 'PFN_vkBeginCommandBuffer'
C/C++:     6 | VKFN(vkBeginCommandBuffer);
C/C++:       | ^
C/C++: D:/ax360e++/aX360e/app/src/main/cpp/vk_symbols.h:7:27: note: expanded from macro 'VKFN'
C/C++:     7 | #define VKFN(func) extern PFN_##func func##_
C/C++:       |                           ^
C/C++: <scratch space>:34:1: note: expanded from here
C/C++:    34 | PFN_vkBeginCommandBuffer
C/C++:       | ^
C/C++: In file included from D:/ax360e++/aX360e/app/src/main/cpp/adreno_driver.cpp:2:
C/C++: In file included from D:/ax360e++/aX360e/app/src/main/cpp/vk_symbols.h:8:
C/C++: D:/ax360e++/aX360e/app/src/main/cpp/vksym.h:7:1: error: unknown type name 'PFN_vkBindBufferMemory'
C/C++:     7 | VKFN(vkBindBufferMemory);
C/C++:       | ^
C/C++: D:/ax360e++/aX360e/app/src/main/cpp/vk_symbols.h:7:27: note: expanded from macro 'VKFN'
C/C++:     7 | #define VKFN(func) extern PFN_##func func##_
C/C++:       |                           ^
C/C++: <scratch space>:36:1: note: expanded from here
C/C++:    36 | PFN_vkBindBufferMemory
C/C++:       | ^
C/C++: In file included from D:/ax360e++/aX360e/app/src/main/cpp/adreno_driver.cpp:2:
C/C++: In file included from D:/ax360e++/aX360e/app/src/main/cpp/vk_symbols.h:8:
C/C++: D:/ax360e++/aX360e/app/src/main/cpp/vksym.h:8:1: error: unknown type name 'PFN_vkBindImageMemory'
C/C++:     8 | VKFN(vkBindImageMemory);
C/C++:       | ^
C/C++: D:/ax360e++/aX360e/app/src/main/cpp/vk_symbols.h:7:27: note: expanded from macro 'VKFN'
C/C++:     7 | #define VKFN(func) extern PFN_##func func##_
C/C++:       |                           ^
C/C++: <scratch space>:38:1: note: expanded from here
C/C++:    38 | PFN_vkBindImageMemory
C/C++:       | ^
C/C++: In file included from D:/ax360e++/aX360e/app/src/main/cpp/adreno_driver.cpp:2:
C/C++: In file included from D:/ax360e++/aX360e/app/src/main/cpp/vk_symbols.h:8:
C/C++: D:/ax360e++/aX360e/app/src/main/cpp/vksym.h:9:1: error: unknown type name 'PFN_vkCmdBeginConditionalRenderingEXT'
C/C++:     9 | VKFN(vkCmdBeginConditionalRenderingEXT);
C/C++:       | ^
C/C++: D:/ax360e++/aX360e/app/src/main/cpp/vk_symbols.h:7:27: note: expanded from macro 'VKFN'
C/C++:     7 | #define VKFN(func) extern PFN_##func func##_
C/C++:       |                           ^
C/C++: <scratch space>:40:1: note: expanded from here
C/C++:    40 | PFN_vkCmdBeginConditionalRenderingEXT
C/C++:       | ^
C/C++: In file included from D:/ax360e++/aX360e/app/src/main/cpp/adreno_driver.cpp:2:
C/C++: In file included from D:/ax360e++/aX360e/app/src/main/cpp/vk_symbols.h:8:
C/C++: D:/ax360e++/aX360e/app/src/main/cpp/vksym.h:10:1: error: unknown type name 'PFN_vkCmdBeginQuery'
C/C++:    10 | VKFN(vkCmdBeginQuery);
C/C++:       | ^
C/C++: D:/ax360e++/aX360e/app/src/main/cpp/vk_symbols.h:7:27: note: expanded from macro 'VKFN'
C/C++:     7 | #define VKFN(func) extern PFN_##func func##_
C/C++:       |                           ^
C/C++: <scratch space>:42:1: note: expanded from here
C/C++:    42 | PFN_vkCmdBeginQuery
C/C++:       | ^
C/C++: In file included from D:/ax360e++/aX360e/app/src/main/cpp/adreno_driver.cpp:2:
C/C++: In file included from D:/ax360e++/aX360e/app/src/main/cpp/vk_symbols.h:8:
C/C++: D:/ax360e++/aX360e/app/src/main/cpp/vksym.h:11:1: error: unknown type name 'PFN_vkCmdBeginRenderPass'
C/C++:    11 | VKFN(vkCmdBeginRenderPass);
C/C++:       | ^
C/C++: D:/ax360e++/aX360e/app/src/main/cpp/vk_symbols.h:7:27: note: expanded from macro 'VKFN'
C/C++:     7 | #define VKFN(func) extern PFN_##func func##_
C/C++:       |                           ^
C/C++: <scratch space>:44:1: note: expanded from here
C/C++:    44 | PFN_vkCmdBeginRenderPass
C/C++:       | ^
C/C++: In file included from D:/ax360e++/aX360e/app/src/main/cpp/adreno_driver.cpp:2:
C/C++: In file included from D:/ax360e++/aX360e/app/src/main/cpp/vk_symbols.h:8:
C/C++: D:/ax360e++/aX360e/app/src/main/cpp/vksym.h:12:1: error: unknown type name 'PFN_vkCmdBindDescriptorSets'
C/C++:    12 | VKFN(vkCmdBindDescriptorSets);
C/C++:       | ^
C/C++: D:/ax360e++/aX360e/app/src/main/cpp/vk_symbols.h:7:27: note: expanded from macro 'VKFN'
C/C++:     7 | #define VKFN(func) extern PFN_##func func##_
C/C++:       |                           ^
C/C++: <scratch space>:46:1: note: expanded from here
C/C++:    46 | PFN_vkCmdBindDescriptorSets
C/C++:       | ^
C/C++: In file included from D:/ax360e++/aX360e/app/src/main/cpp/adreno_driver.cpp:2:
C/C++: In file included from D:/ax360e++/aX360e/app/src/main/cpp/vk_symbols.h:8:
C/C++: D:/ax360e++/aX360e/app/src/main/cpp/vksym.h:13:1: error: unknown type name 'PFN_vkCmdBindIndexBuffer'
C/C++:    13 | VKFN(vkCmdBindIndexBuffer);
C/C++:       | ^
C/C++: D:/ax360e++/aX360e/app/src/main/cpp/vk_symbols.h:7:27: note: expanded from macro 'VKFN'
C/C++:     7 | #define VKFN(func) extern PFN_##func func##_
C/C++:       |                           ^
C/C++: <scratch space>:48:1: note: expanded from here
C/C++:    48 | PFN_vkCmdBindIndexBuffer
C/C++:       | ^
C/C++: In file included from D:/ax360e++/aX360e/app/src/main/cpp/adreno_driver.cpp:2:
C/C++: In file included from D:/ax360e++/aX360e/app/src/main/cpp/vk_symbols.h:8:
C/C++: D:/ax360e++/aX360e/app/src/main/cpp/vksym.h:14:1: error: unknown type name 'PFN_vkCmdBindPipeline'
C/C++:    14 | VKFN(vkCmdBindPipeline);
C/C++:       | ^
C/C++: D:/ax360e++/aX360e/app/src/main/cpp/vk_symbols.h:7:27: note: expanded from macro 'VKFN'
C/C++:     7 | #define VKFN(func) extern PFN_##func func##_
C/C++:       |                           ^
C/C++: <scratch space>:50:1: note: expanded from here
C/C++:    50 | PFN_vkCmdBindPipeline
C/C++:       | ^
C/C++: In file included from D:/ax360e++/aX360e/app/src/main/cpp/adreno_driver.cpp:2:
C/C++: In file included from D:/ax360e++/aX360e/app/src/main/cpp/vk_symbols.h:8:
C/C++: D:/ax360e++/aX360e/app/src/main/cpp/vksym.h:15:1: error: unknown type name 'PFN_vkCmdBindVertexBuffers'
C/C++:    15 | VKFN(vkCmdBindVertexBuffers);
C/C++:       | ^
C/C++: D:/ax360e++/aX360e/app/src/main/cpp/vk_symbols.h:7:27: note: expanded from macro 'VKFN'
C/C++:     7 | #define VKFN(func) extern PFN_##func func##_
C/C++:       |                           ^
C/C++: <scratch space>:52:1: note: expanded from here
C/C++:    52 | PFN_vkCmdBindVertexBuffers
C/C++:       | ^
C/C++: In file included from D:/ax360e++/aX360e/app/src/main/cpp/adreno_driver.cpp:2:
C/C++: In file included from D:/ax360e++/aX360e/app/src/main/cpp/vk_symbols.h:8:
C/C++: D:/ax360e++/aX360e/app/src/main/cpp/vksym.h:16:1: error: unknown type name 'PFN_vkCmdBlitImage'
C/C++:    16 | VKFN(vkCmdBlitImage);
C/C++:       | ^
C/C++: D:/ax360e++/aX360e/app/src/main/cpp/vk_symbols.h:7:27: note: expanded from macro 'VKFN'
C/C++:     7 | #define VKFN(func) extern PFN_##func func##_
C/C++:       |                           ^
C/C++: <scratch space>:54:1: note: expanded from here
C/C++:    54 | PFN_vkCmdBlitImage
C/C++:       | ^
C/C++: In file included from D:/ax360e++/aX360e/app/src/main/cpp/adreno_driver.cpp:2:
C/C++: In file included from D:/ax360e++/aX360e/app/src/main/cpp/vk_symbols.h:8:
C/C++: D:/ax360e++/aX360e/app/src/main/cpp/vksym.h:17:1: error: unknown type name 'PFN_vkCmdClearAttachments'
C/C++:    17 | VKFN(vkCmdClearAttachments);
C/C++:       | ^
C/C++: D:/ax360e++/aX360e/app/src/main/cpp/vk_symbols.h:7:27: note: expanded from macro 'VKFN'
C/C++:     7 | #define VKFN(func) extern PFN_##func func##_
C/C++:       |                           ^
C/C++: <scratch space>:56:1: note: expanded from here
C/C++:    56 | PFN_vkCmdClearAttachments
C/C++:       | ^
C/C++: In file included from D:/ax360e++/aX360e/app/src/main/cpp/adreno_driver.cpp:2:
C/C++: In file included from D:/ax360e++/aX360e/app/src/main/cpp/vk_symbols.h:8:
C/C++: D:/ax360e++/aX360e/app/src/main/cpp/vksym.h:18:1: error: unknown type name 'PFN_vkCmdClearColorImage'
C/C++:    18 | VKFN(vkCmdClearColorImage);
C/C++:       | ^
C/C++: D:/ax360e++/aX360e/app/src/main/cpp/vk_symbols.h:7:27: note: expanded from macro 'VKFN'
C/C++:     7 | #define VKFN(func) extern PFN_##func func##_
C/C++:       |                           ^
C/C++: <scratch space>:58:1: note: expanded from here
C/C++:    58 | PFN_vkCmdClearColorImage
C/C++:       | ^
C/C++: In file included from D:/ax360e++/aX360e/app/src/main/cpp/adreno_driver.cpp:2:
C/C++: In file included from D:/ax360e++/aX360e/app/src/main/cpp/vk_symbols.h:8:
C/C++: D:/ax360e++/aX360e/app/src/main/cpp/vksym.h:19:1: error: unknown type name 'PFN_vkCmdClearDepthStencilImage'
C/C++:    19 | VKFN(vkCmdClearDepthStencilImage);
C/C++:       | ^
C/C++: D:/ax360e++/aX360e/app/src/main/cpp/vk_symbols.h:7:27: note: expanded from macro 'VKFN'
C/C++:     7 | #define VKFN(func) extern PFN_##func func##_
C/C++:       |                           ^
C/C++: <scratch space>:60:1: note: expanded from here
C/C++:    60 | PFN_vkCmdClearDepthStencilImage
C/C++:       | ^
C/C++: In file included from D:/ax360e++/aX360e/app/src/main/cpp/adreno_driver.cpp:2:
C/C++: In file included from D:/ax360e++/aX360e/app/src/main/cpp/vk_symbols.h:8:
C/C++: D:/ax360e++/aX360e/app/src/main/cpp/vksym.h:20:1: error: unknown type name 'PFN_vkCmdCopyBuffer'
C/C++:    20 | VKFN(vkCmdCopyBuffer);
C/C++:       | ^
C/C++: D:/ax360e++/aX360e/app/src/main/cpp/vk_symbols.h:7:27: note: expanded from macro 'VKFN'
C/C++:     7 | #define VKFN(func) extern PFN_##func func##_
C/C++:       |                           ^
C/C++: <scratch space>:62:1: note: expanded from here
C/C++:    62 | PFN_vkCmdCopyBuffer
C/C++:       | ^
C/C++: fatal error: too many errors emitted, stopping now [-ferror-limit=]
C/C++: 20 errors generated.
C/C++: C:\Users\kirby\AppData\Local\Android\Sdk\ndk\27.0.12077973\toolchains\llvm\prebuilt\windows-x86_64\bin\clang++.exe --target=aarch64-none-linux-android26 --sysroot=C:/Users/kirby/AppData/Local/Android/Sdk/ndk/27.0.12077973/toolchains/llvm/prebuilt/windows-x86_64/sysroot -Demu_EXPORTS -ID:/ax360e++/aX360e/app/src/main/cpp -ID:/ax360e++/aX360e/app/src/main/cpp/xenia -ID:/ax360e++/aX360e/app/src/main/cpp/xenia/src -ID:/ax360e++/aX360e/app/src/main/cpp/xenia/third_party -g -DANDROID -fdata-sections -ffunction-sections -funwind-tables -fstack-protector-strong -no-canonical-prefixes -D_FORTIFY_SOURCE=2 -Wformat -Werror=format-security  -std=c++20 -fno-limit-debug-info  -fPIC -march=armv8-a -stdlib=libc++ -fPIC -fno-omit-frame-pointer -funwind-tables -MD -MT CMakeFiles/emu.dir/vulkan_test_jni.cpp.o -MF CMakeFiles\emu.dir\vulkan_test_jni.cpp.o.d -o CMakeFiles/emu.dir/vulkan_test_jni.cpp.o -c D:/ax360e++/aX360e/app/src/main/cpp/vulkan_test_jni.cpp
C/C++: In file included from D:/ax360e++/aX360e/app/src/main/cpp/vulkan_test_jni.cpp:5:
C/C++: In file included from D:/ax360e++/aX360e/app/src/main/cpp/vkutil.h:9:
C/C++: In file included from D:/ax360e++/aX360e/app/src/main/cpp/vk_symbols.h:8:
C/C++: D:/ax360e++/aX360e/app/src/main/cpp/vksym.h:2:1: error: unknown type name 'PFN_vkAcquireNextImageKHR'
C/C++:     2 | VKFN(vkAcquireNextImageKHR);
C/C++:       | ^
C/C++: D:/ax360e++/aX360e/app/src/main/cpp/vk_symbols.h:7:27: note: expanded from macro 'VKFN'
C/C++:     7 | #define VKFN(func) extern PFN_##func func##_
C/C++:       |                           ^
C/C++: <scratch space>:123:1: note: expanded from here
C/C++:   123 | PFN_vkAcquireNextImageKHR
C/C++:       | ^
C/C++: In file included from D:/ax360e++/aX360e/app/src/main/cpp/vulkan_test_jni.cpp:5:
C/C++: In file included from D:/ax360e++/aX360e/app/src/main/cpp/vkutil.h:9:
C/C++: In file included from D:/ax360e++/aX360e/app/src/main/cpp/vk_symbols.h:8:
C/C++: D:/ax360e++/aX360e/app/src/main/cpp/vksym.h:3:1: error: unknown type name 'PFN_vkAllocateCommandBuffers'
C/C++:     3 | VKFN(vkAllocateCommandBuffers);
C/C++:       | ^
C/C++: D:/ax360e++/aX360e/app/src/main/cpp/vk_symbols.h:7:27: note: expanded from macro 'VKFN'
C/C++:     7 | #define VKFN(func) extern PFN_##func func##_
C/C++:       |                           ^
C/C++: <scratch space>:125:1: note: expanded from here
C/C++:   125 | PFN_vkAllocateCommandBuffers
C/C++:       | ^
C/C++: In file included from D:/ax360e++/aX360e/app/src/main/cpp/vulkan_test_jni.cpp:5:
C/C++: In file included from D:/ax360e++/aX360e/app/src/main/cpp/vkutil.h:9:
C/C++: In file included from D:/ax360e++/aX360e/app/src/main/cpp/vk_symbols.h:8:
C/C++: D:/ax360e++/aX360e/app/src/main/cpp/vksym.h:4:1: error: unknown type name 'PFN_vkAllocateDescriptorSets'
C/C++:     4 | VKFN(vkAllocateDescriptorSets);
C/C++:       | ^
C/C++: D:/ax360e++/aX360e/app/src/main/cpp/vk_symbols.h:7:27: note: expanded from macro 'VKFN'
C/C++:     7 | #define VKFN(func) extern PFN_##func func##_
C/C++:       |                           ^
C/C++: <scratch space>:127:1: note: expanded from here
C/C++:   127 | PFN_vkAllocateDescriptorSets
C/C++:       | ^
C/C++: In file included from D:/ax360e++/aX360e/app/src/main/cpp/vulkan_test_jni.cpp:5:
C/C++: In file included from D:/ax360e++/aX360e/app/src/main/cpp/vkutil.h:9:
C/C++: In file included from D:/ax360e++/aX360e/app/src/main/cpp/vk_symbols.h:8:
C/C++: D:/ax360e++/aX360e/app/src/main/cpp/vksym.h:5:1: error: unknown type name 'PFN_vkAllocateMemory'
C/C++:     5 | VKFN(vkAllocateMemory);
C/C++:       | ^
C/C++: D:/ax360e++/aX360e/app/src/main/cpp/vk_symbols.h:7:27: note: expanded from macro 'VKFN'
C/C++:     7 | #define VKFN(func) extern PFN_##func func##_
C/C++:       |                           ^
C/C++: <scratch space>:129:1: note: expanded from here
C/C++:   129 | PFN_vkAllocateMemory
C/C++:       | ^
C/C++: In file included from D:/ax360e++/aX360e/app/src/main/cpp/vulkan_test_jni.cpp:5:
C/C++: In file included from D:/ax360e++/aX360e/app/src/main/cpp/vkutil.h:9:
C/C++: In file included from D:/ax360e++/aX360e/app/src/main/cpp/vk_symbols.h:8:
C/C++: D:/ax360e++/aX360e/app/src/main/cpp/vksym.h:6:1: error: unknown type name 'PFN_vkBeginCommandBuffer'
C/C++:     6 | VKFN(vkBeginCommandBuffer);
C/C++:       | ^
C/C++: D:/ax360e++/aX360e/app/src/main/cpp/vk_symbols.h:7:27: note: expanded from macro 'VKFN'
C/C++:     7 | #define VKFN(func) extern PFN_##func func##_
C/C++:       |                           ^
C/C++: <scratch space>:131:1: note: expanded from here
C/C++:   131 | PFN_vkBeginCommandBuffer
C/C++:       | ^
C/C++: In file included from D:/ax360e++/aX360e/app/src/main/cpp/vulkan_test_jni.cpp:5:
C/C++: In file included from D:/ax360e++/aX360e/app/src/main/cpp/vkutil.h:9:
C/C++: In file included from D:/ax360e++/aX360e/app/src/main/cpp/vk_symbols.h:8:
C/C++: D:/ax360e++/aX360e/app/src/main/cpp/vksym.h:7:1: error: unknown type name 'PFN_vkBindBufferMemory'
C/C++:     7 | VKFN(vkBindBufferMemory);
C/C++:       | ^
C/C++: D:/ax360e++/aX360e/app/src/main/cpp/vk_symbols.h:7:27: note: expanded from macro 'VKFN'
C/C++:     7 | #define VKFN(func) extern PFN_##func func##_
C/C++:       |                           ^
C/C++: <scratch space>:133:1: note: expanded from here
C/C++:   133 | PFN_vkBindBufferMemory
C/C++:       | ^
C/C++: In file included from D:/ax360e++/aX360e/app/src/main/cpp/vulkan_test_jni.cpp:5:
C/C++: In file included from D:/ax360e++/aX360e/app/src/main/cpp/vkutil.h:9:
C/C++: In file included from D:/ax360e++/aX360e/app/src/main/cpp/vk_symbols.h:8:
C/C++: D:/ax360e++/aX360e/app/src/main/cpp/vksym.h:8:1: error: unknown type name 'PFN_vkBindImageMemory'
C/C++:     8 | VKFN(vkBindImageMemory);
C/C++:       | ^
C/C++: D:/ax360e++/aX360e/app/src/main/cpp/vk_symbols.h:7:27: note: expanded from macro 'VKFN'
C/C++:     7 | #define VKFN(func) extern PFN_##func func##_
C/C++:       |                           ^
C/C++: <scratch space>:135:1: note: expanded from here
C/C++:   135 | PFN_vkBindImageMemory
C/C++:       | ^
C/C++: In file included from D:/ax360e++/aX360e/app/src/main/cpp/vulkan_test_jni.cpp:5:
C/C++: In file included from D:/ax360e++/aX360e/app/src/main/cpp/vkutil.h:9:
C/C++: In file included from D:/ax360e++/aX360e/app/src/main/cpp/vk_symbols.h:8:
C/C++: D:/ax360e++/aX360e/app/src/main/cpp/vksym.h:9:1: error: unknown type name 'PFN_vkCmdBeginConditionalRenderingEXT'
C/C++:     9 | VKFN(vkCmdBeginConditionalRenderingEXT);
C/C++:       | ^
C/C++: D:/ax360e++/aX360e/app/src/main/cpp/vk_symbols.h:7:27: note: expanded from macro 'VKFN'
C/C++:     7 | #define VKFN(func) extern PFN_##func func##_
C/C++:       |                           ^
C/C++: <scratch space>:137:1: note: expanded from here
C/C++:   137 | PFN_vkCmdBeginConditionalRenderingEXT
C/C++:       | ^
C/C++: In file included from D:/ax360e++/aX360e/app/src/main/cpp/vulkan_test_jni.cpp:5:
C/C++: In file included from D:/ax360e++/aX360e/app/src/main/cpp/vkutil.h:9:
C/C++: In file included from D:/ax360e++/aX360e/app/src/main/cpp/vk_symbols.h:8:
C/C++: D:/ax360e++/aX360e/app/src/main/cpp/vksym.h:10:1: error: unknown type name 'PFN_vkCmdBeginQuery'
C/C++:    10 | VKFN(vkCmdBeginQuery);
C/C++:       | ^
C/C++: D:/ax360e++/aX360e/app/src/main/cpp/vk_symbols.h:7:27: note: expanded from macro 'VKFN'
C/C++:     7 | #define VKFN(func) extern PFN_##func func##_
C/C++:       |                           ^
C/C++: <scratch space>:139:1: note: expanded from here
C/C++:   139 | PFN_vkCmdBeginQuery
C/C++:       | ^
C/C++: In file included from D:/ax360e++/aX360e/app/src/main/cpp/vulkan_test_jni.cpp:5:
C/C++: In file included from D:/ax360e++/aX360e/app/src/main/cpp/vkutil.h:9:
C/C++: In file included from D:/ax360e++/aX360e/app/src/main/cpp/vk_symbols.h:8:
C/C++: D:/ax360e++/aX360e/app/src/main/cpp/vksym.h:11:1: error: unknown type name 'PFN_vkCmdBeginRenderPass'
C/C++:    11 | VKFN(vkCmdBeginRenderPass);
C/C++:       | ^
C/C++: D:/ax360e++/aX360e/app/src/main/cpp/vk_symbols.h:7:27: note: expanded from macro 'VKFN'
C/C++:     7 | #define VKFN(func) extern PFN_##func func##_
C/C++:       |                           ^
C/C++: <scratch space>:141:1: note: expanded from here
C/C++:   141 | PFN_vkCmdBeginRenderPass
C/C++:       | ^
C/C++: In file included from D:/ax360e++/aX360e/app/src/main/cpp/vulkan_test_jni.cpp:5:
C/C++: In file included from D:/ax360e++/aX360e/app/src/main/cpp/vkutil.h:9:
C/C++: In file included from D:/ax360e++/aX360e/app/src/main/cpp/vk_symbols.h:8:
C/C++: D:/ax360e++/aX360e/app/src/main/cpp/vksym.h:12:1: error: unknown type name 'PFN_vkCmdBindDescriptorSets'
C/C++:    12 | VKFN(vkCmdBindDescriptorSets);
C/C++:       | ^
C/C++: D:/ax360e++/aX360e/app/src/main/cpp/vk_symbols.h:7:27: note: expanded from macro 'VKFN'
C/C++:     7 | #define VKFN(func) extern PFN_##func func##_
C/C++:       |                           ^
C/C++: <scratch space>:143:1: note: expanded from here
C/C++:   143 | PFN_vkCmdBindDescriptorSets
C/C++:       | ^
C/C++: In file included from D:/ax360e++/aX360e/app/src/main/cpp/vulkan_test_jni.cpp:5:
C/C++: In file included from D:/ax360e++/aX360e/app/src/main/cpp/vkutil.h:9:
C/C++: In file included from D:/ax360e++/aX360e/app/src/main/cpp/vk_symbols.h:8:
C/C++: D:/ax360e++/aX360e/app/src/main/cpp/vksym.h:13:1: error: unknown type name 'PFN_vkCmdBindIndexBuffer'
C/C++:    13 | VKFN(vkCmdBindIndexBuffer);
C/C++:       | ^
C/C++: D:/ax360e++/aX360e/app/src/main/cpp/vk_symbols.h:7:27: note: expanded from macro 'VKFN'
C/C++:     7 | #define VKFN(func) extern PFN_##func func##_
C/C++:       |                           ^
C/C++: <scratch space>:145:1: note: expanded from here
C/C++:   145 | PFN_vkCmdBindIndexBuffer
C/C++:       | ^
C/C++: In file included from D:/ax360e++/aX360e/app/src/main/cpp/vulkan_test_jni.cpp:5:
C/C++: In file included from D:/ax360e++/aX360e/app/src/main/cpp/vkutil.h:9:
C/C++: In file included from D:/ax360e++/aX360e/app/src/main/cpp/vk_symbols.h:8:
C/C++: D:/ax360e++/aX360e/app/src/main/cpp/vksym.h:14:1: error: unknown type name 'PFN_vkCmdBindPipeline'
C/C++:    14 | VKFN(vkCmdBindPipeline);
C/C++:       | ^
C/C++: D:/ax360e++/aX360e/app/src/main/cpp/vk_symbols.h:7:27: note: expanded from macro 'VKFN'
C/C++:     7 | #define VKFN(func) extern PFN_##func func##_
C/C++:       |                           ^
C/C++: <scratch space>:147:1: note: expanded from here
C/C++:   147 | PFN_vkCmdBindPipeline
C/C++:       | ^
C/C++: In file included from D:/ax360e++/aX360e/app/src/main/cpp/vulkan_test_jni.cpp:5:
C/C++: In file included from D:/ax360e++/aX360e/app/src/main/cpp/vkutil.h:9:
C/C++: In file included from D:/ax360e++/aX360e/app/src/main/cpp/vk_symbols.h:8:
C/C++: D:/ax360e++/aX360e/app/src/main/cpp/vksym.h:15:1: error: unknown type name 'PFN_vkCmdBindVertexBuffers'
C/C++:    15 | VKFN(vkCmdBindVertexBuffers);
C/C++:       | ^
C/C++: D:/ax360e++/aX360e/app/src/main/cpp/vk_symbols.h:7:27: note: expanded from macro 'VKFN'
C/C++:     7 | #define VKFN(func) extern PFN_##func func##_
C/C++:       |                           ^
C/C++: <scratch space>:149:1: note: expanded from here
C/C++:   149 | PFN_vkCmdBindVertexBuffers
C/C++:       | ^
C/C++: In file included from D:/ax360e++/aX360e/app/src/main/cpp/vulkan_test_jni.cpp:5:
C/C++: In file included from D:/ax360e++/aX360e/app/src/main/cpp/vkutil.h:9:
C/C++: In file included from D:/ax360e++/aX360e/app/src/main/cpp/vk_symbols.h:8:
C/C++: D:/ax360e++/aX360e/app/src/main/cpp/vksym.h:16:1: error: unknown type name 'PFN_vkCmdBlitImage'
C/C++:    16 | VKFN(vkCmdBlitImage);
C/C++:       | ^
C/C++: D:/ax360e++/aX360e/app/src/main/cpp/vk_symbols.h:7:27: note: expanded from macro 'VKFN'
C/C++:     7 | #define VKFN(func) extern PFN_##func func##_
C/C++:       |                           ^
C/C++: <scratch space>:151:1: note: expanded from here
C/C++:   151 | PFN_vkCmdBlitImage
C/C++:       | ^
C/C++: In file included from D:/ax360e++/aX360e/app/src/main/cpp/vulkan_test_jni.cpp:5:
C/C++: In file included from D:/ax360e++/aX360e/app/src/main/cpp/vkutil.h:9:
C/C++: In file included from D:/ax360e++/aX360e/app/src/main/cpp/vk_symbols.h:8:
C/C++: D:/ax360e++/aX360e/app/src/main/cpp/vksym.h:17:1: error: unknown type name 'PFN_vkCmdClearAttachments'
C/C++:    17 | VKFN(vkCmdClearAttachments);
C/C++:       | ^
C/C++: D:/ax360e++/aX360e/app/src/main/cpp/vk_symbols.h:7:27: note: expanded from macro 'VKFN'
C/C++:     7 | #define VKFN(func) extern PFN_##func func##_
C/C++:       |                           ^
C/C++: <scratch space>:153:1: note: expanded from here
C/C++:   153 | PFN_vkCmdClearAttachments
C/C++:       | ^
C/C++: In file included from D:/ax360e++/aX360e/app/src/main/cpp/vulkan_test_jni.cpp:5:
C/C++: In file included from D:/ax360e++/aX360e/app/src/main/cpp/vkutil.h:9:
C/C++: In file included from D:/ax360e++/aX360e/app/src/main/cpp/vk_symbols.h:8:
C/C++: D:/ax360e++/aX360e/app/src/main/cpp/vksym.h:18:1: error: unknown type name 'PFN_vkCmdClearColorImage'
C/C++:    18 | VKFN(vkCmdClearColorImage);
C/C++:       | ^
C/C++: D:/ax360e++/aX360e/app/src/main/cpp/vk_symbols.h:7:27: note: expanded from macro 'VKFN'
C/C++:     7 | #define VKFN(func) extern PFN_##func func##_
C/C++:       |                           ^
C/C++: <scratch space>:155:1: note: expanded from here
C/C++:   155 | PFN_vkCmdClearColorImage
C/C++:       | ^
C/C++: In file included from D:/ax360e++/aX360e/app/src/main/cpp/vulkan_test_jni.cpp:5:
C/C++: In file included from D:/ax360e++/aX360e/app/src/main/cpp/vkutil.h:9:
C/C++: In file included from D:/ax360e++/aX360e/app/src/main/cpp/vk_symbols.h:8:
C/C++: D:/ax360e++/aX360e/app/src/main/cpp/vksym.h:19:1: error: unknown type name 'PFN_vkCmdClearDepthStencilImage'
C/C++:    19 | VKFN(vkCmdClearDepthStencilImage);
C/C++:       | ^
C/C++: D:/ax360e++/aX360e/app/src/main/cpp/vk_symbols.h:7:27: note: expanded from macro 'VKFN'
C/C++:     7 | #define VKFN(func) extern PFN_##func func##_
C/C++:       |                           ^
C/C++: <scratch space>:157:1: note: expanded from here
C/C++:   157 | PFN_vkCmdClearDepthStencilImage
C/C++:       | ^
C/C++: In file included from D:/ax360e++/aX360e/app/src/main/cpp/vulkan_test_jni.cpp:5:
C/C++: In file included from D:/ax360e++/aX360e/app/src/main/cpp/vkutil.h:9:
C/C++: In file included from D:/ax360e++/aX360e/app/src/main/cpp/vk_symbols.h:8:
C/C++: D:/ax360e++/aX360e/app/src/main/cpp/vksym.h:20:1: error: unknown type name 'PFN_vkCmdCopyBuffer'
C/C++:    20 | VKFN(vkCmdCopyBuffer);
C/C++:       | ^
C/C++: D:/ax360e++/aX360e/app/src/main/cpp/vk_symbols.h:7:27: note: expanded from macro 'VKFN'
C/C++:     7 | #define VKFN(func) extern PFN_##func func##_
C/C++:       |                           ^
C/C++: <scratch space>:159:1: note: expanded from here
C/C++:   159 | PFN_vkCmdCopyBuffer
C/C++:       | ^
C/C++: fatal error: too many errors emitted, stopping now [-ferror-limit=]
C/C++: 20 errors generated.
C/C++: In file included from D:/ax360e++/aX360e/app/src/main/cpp/xenia/src/xenia/apu/nop/nop_audio_system.cc:13:
C/C++: In file included from D:/ax360e++/aX360e/app/src/main/cpp/xenia/src/xenia/apu/nop/nop_audio_system.h:13:
C/C++: In file included from D:/ax360e++/aX360e/app/src/main/cpp/xenia/src/xenia/apu/audio_system.h:17:
C/C++: D:/ax360e++/aX360e/app/src/main/cpp/xenia/src/xenia/base/threading.h:61:25: warning: increment of object of volatile-qualified type 'volatile state_t_' (aka 'volatile unsigned long') is deprecated [-Wdeprecated-volatile]
C/C++:    61 |     auto signal_state = ++signal_state_;
C/C++:       |                         ^
C/C++: D:/ax360e++/aX360e/app/src/main/cpp/xenia/src/xenia/apu/nop/nop_audio_system.cc:107:22: warning: 'Initialize' overrides a member function but is not marked 'override' [-Winconsistent-missing-override]
C/C++:   107 |                 bool Initialize() {
C/C++:       |                      ^
C/C++: D:/ax360e++/aX360e/app/src/main/cpp/xenia/src/xenia/apu/audio_driver.h:30:16: note: overridden virtual function is here
C/C++:    30 |   virtual bool Initialize() = 0;
C/C++:       |                ^
C/C++: D:/ax360e++/aX360e/app/src/main/cpp/xenia/src/xenia/apu/nop/nop_audio_system.cc:144:22: warning: 'Shutdown' overrides a member function but is not marked 'override' [-Winconsistent-missing-override]
C/C++:   144 |                 void Shutdown() {
C/C++:       |                      ^
C/C++: D:/ax360e++/aX360e/app/src/main/cpp/xenia/src/xenia/apu/audio_driver.h:31:16: note: overridden virtual function is here
C/C++:    31 |   virtual void Shutdown() = 0;
C/C++:       |                ^
C/C++: 3 warnings generated.
C/C++: C:\Users\kirby\AppData\Local\Android\Sdk\ndk\27.0.12077973\toolchains\llvm\prebuilt\windows-x86_64\bin\clang++.exe --target=aarch64-none-linux-android26 --sysroot=C:/Users/kirby/AppData/Local/Android/Sdk/ndk/27.0.12077973/toolchains/llvm/prebuilt/windows-x86_64/sysroot -Demu_EXPORTS -ID:/ax360e++/aX360e/app/src/main/cpp -ID:/ax360e++/aX360e/app/src/main/cpp/xenia -ID:/ax360e++/aX360e/app/src/main/cpp/xenia/src -ID:/ax360e++/aX360e/app/src/main/cpp/xenia/third_party -g -DANDROID -fdata-sections -ffunction-sections -funwind-tables -fstack-protector-strong -no-canonical-prefixes -D_FORTIFY_SOURCE=2 -Wformat -Werror=format-security  -std=c++20 -fno-limit-debug-info  -fPIC -march=armv8-a -stdlib=libc++ -fPIC -fno-omit-frame-pointer -funwind-tables -MD -MT CMakeFiles/emu.dir/emulator_ax360e.cpp.o -MF CMakeFiles\emu.dir\emulator_ax360e.cpp.o.d -o CMakeFiles/emu.dir/emulator_ax360e.cpp.o -c D:/ax360e++/aX360e/app/src/main/cpp/emulator_ax360e.cpp
C/C++: In file included from D:/ax360e++/aX360e/app/src/main/cpp/emulator_ax360e.cpp:5:
C/C++: In file included from D:/ax360e++/aX360e/app/src/main/cpp/xenia/src/xenia/app/emulator_window.h:16:
C/C++: In file included from D:/ax360e++/aX360e/app/src/main/cpp/xenia/src/xenia/emulator.h:22:
C/C++: In file included from D:/ax360e++/aX360e/app/src/main/cpp/xenia/src/xenia/kernel/kernel_state.h:20:
C/C++: In file included from D:/ax360e++/aX360e/app/src/main/cpp/xenia/src/xenia/cpu/backend/backend.h:17:
C/C++: In file included from D:/ax360e++/aX360e/app/src/main/cpp/xenia/src/xenia/cpu/thread_debug_info.h:16:
C/C++: In file included from D:/ax360e++/aX360e/app/src/main/cpp/xenia/src/xenia/cpu/thread.h:13:
C/C++: D:/ax360e++/aX360e/app/src/main/cpp/xenia/src/xenia/base/threading.h:61:25: warning: increment of object of volatile-qualified type 'volatile state_t_' (aka 'volatile unsigned long') is deprecated [-Wdeprecated-volatile]
C/C++:    61 |     auto signal_state = ++signal_state_;
C/C++:       |                         ^
C/C++: In file included from D:/ax360e++/aX360e/app/src/main/cpp/emulator_ax360e.cpp:5:
C/C++: In file included from D:/ax360e++/aX360e/app/src/main/cpp/xenia/src/xenia/app/emulator_window.h:16:
C/C++: In file included from D:/ax360e++/aX360e/app/src/main/cpp/xenia/src/xenia/emulator.h:22:
C/C++: In file included from D:/ax360e++/aX360e/app/src/main/cpp/xenia/src/xenia/kernel/kernel_state.h:27:
C/C++: In file included from D:/ax360e++/aX360e/app/src/main/cpp/xenia/src/xenia/kernel/xam/achievement_manager.h:19:
C/C++: In file included from D:/ax360e++/aX360e/app/src/main/cpp/xenia/src/xenia/kernel/xam/xdbf/gpd_info.h:19:
C/C++: D:/ax360e++/aX360e/app/src/main/cpp/xenia/src/xenia/kernel/xam/user_data.h:142:15: warning: enumeration values 'WSTRING', 'BINARY', and 'UNSET' not handled in switch [-Wswitch]
C/C++:   142 |       switch (get_type(id)) {
C/C++:       |               ^~~~~~~~~~~~
C/C++: In file included from D:/ax360e++/aX360e/app/src/main/cpp/emulator_ax360e.cpp:18:
C/C++: In file included from D:/ax360e++/aX360e/app/src/main/cpp/vkutil.h:9:
C/C++: In file included from D:/ax360e++/aX360e/app/src/main/cpp/vk_symbols.h:8:
C/C++: D:/ax360e++/aX360e/app/src/main/cpp/vksym.h:2:1: error: unknown type name 'PFN_vkAcquireNextImageKHR'
C/C++:     2 | VKFN(vkAcquireNextImageKHR);
C/C++:       | ^
C/C++: D:/ax360e++/aX360e/app/src/main/cpp/vk_symbols.h:7:27: note: expanded from macro 'VKFN'
C/C++:     7 | #define VKFN(func) extern PFN_##func func##_
C/C++:       |                           ^
C/C++: <scratch space>:118:1: note: expanded from here
C/C++:   118 | PFN_vkAcquireNextImageKHR
C/C++:       | ^
C/C++: In file included from D:/ax360e++/aX360e/app/src/main/cpp/emulator_ax360e.cpp:18:
C/C++: In file included from D:/ax360e++/aX360e/app/src/main/cpp/vkutil.h:9:
C/C++: In file included from D:/ax360e++/aX360e/app/src/main/cpp/vk_symbols.h:8:
C/C++: D:/ax360e++/aX360e/app/src/main/cpp/vksym.h:3:1: error: unknown type name 'PFN_vkAllocateCommandBuffers'
C/C++:     3 | VKFN(vkAllocateCommandBuffers);
C/C++:       | ^
C/C++: D:/ax360e++/aX360e/app/src/main/cpp/vk_symbols.h:7:27: note: expanded from macro 'VKFN'
C/C++:     7 | #define VKFN(func) extern PFN_##func func##_
C/C++:       |                           ^
C/C++: <scratch space>:120:1: note: expanded from here
C/C++:   120 | PFN_vkAllocateCommandBuffers
C/C++:       | ^
C/C++: In file included from D:/ax360e++/aX360e/app/src/main/cpp/emulator_ax360e.cpp:18:
C/C++: In file included from D:/ax360e++/aX360e/app/src/main/cpp/vkutil.h:9:
C/C++: In file included from D:/ax360e++/aX360e/app/src/main/cpp/vk_symbols.h:8:
C/C++: D:/ax360e++/aX360e/app/src/main/cpp/vksym.h:4:1: error: unknown type name 'PFN_vkAllocateDescriptorSets'
C/C++:     4 | VKFN(vkAllocateDescriptorSets);
C/C++:       | ^
C/C++: D:/ax360e++/aX360e/app/src/main/cpp/vk_symbols.h:7:27: note: expanded from macro 'VKFN'
C/C++:     7 | #define VKFN(func) extern PFN_##func func##_
C/C++:       |                           ^
C/C++: <scratch space>:122:1: note: expanded from here
C/C++:   122 | PFN_vkAllocateDescriptorSets
C/C++:       | ^
C/C++: In file included from D:/ax360e++/aX360e/app/src/main/cpp/emulator_ax360e.cpp:18:
C/C++: In file included from D:/ax360e++/aX360e/app/src/main/cpp/vkutil.h:9:
C/C++: In file included from D:/ax360e++/aX360e/app/src/main/cpp/vk_symbols.h:8:
C/C++: D:/ax360e++/aX360e/app/src/main/cpp/vksym.h:5:1: error: unknown type name 'PFN_vkAllocateMemory'
C/C++:     5 | VKFN(vkAllocateMemory);
C/C++:       | ^
C/C++: D:/ax360e++/aX360e/app/src/main/cpp/vk_symbols.h:7:27: note: expanded from macro 'VKFN'
C/C++:     7 | #define VKFN(func) extern PFN_##func func##_
C/C++:       |                           ^
C/C++: <scratch space>:124:1: note: expanded from here
C/C++:   124 | PFN_vkAllocateMemory
C/C++:       | ^
C/C++: In file included from D:/ax360e++/aX360e/app/src/main/cpp/emulator_ax360e.cpp:18:
C/C++: In file included from D:/ax360e++/aX360e/app/src/main/cpp/vkutil.h:9:
C/C++: In file included from D:/ax360e++/aX360e/app/src/main/cpp/vk_symbols.h:8:
C/C++: D:/ax360e++/aX360e/app/src/main/cpp/vksym.h:6:1: error: unknown type name 'PFN_vkBeginCommandBuffer'
C/C++:     6 | VKFN(vkBeginCommandBuffer);
C/C++:       | ^
C/C++: D:/ax360e++/aX360e/app/src/main/cpp/vk_symbols.h:7:27: note: expanded from macro 'VKFN'
C/C++:     7 | #define VKFN(func) extern PFN_##func func##_
C/C++:       |                           ^
C/C++: <scratch space>:126:1: note: expanded from here
C/C++:   126 | PFN_vkBeginCommandBuffer
C/C++:       | ^
C/C++: In file included from D:/ax360e++/aX360e/app/src/main/cpp/emulator_ax360e.cpp:18:
C/C++: In file included from D:/ax360e++/aX360e/app/src/main/cpp/vkutil.h:9:
C/C++: In file included from D:/ax360e++/aX360e/app/src/main/cpp/vk_symbols.h:8:
C/C++: D:/ax360e++/aX360e/app/src/main/cpp/vksym.h:7:1: error: unknown type name 'PFN_vkBindBufferMemory'
C/C++:     7 | VKFN(vkBindBufferMemory);
C/C++:       | ^
C/C++: D:/ax360e++/aX360e/app/src/main/cpp/vk_symbols.h:7:27: note: expanded from macro 'VKFN'
C/C++:     7 | #define VKFN(func) extern PFN_##func func##_
C/C++:       |                           ^
C/C++: <scratch space>:128:1: note: expanded from here
C/C++:   128 | PFN_vkBindBufferMemory
C/C++:       | ^
C/C++: In file included from D:/ax360e++/aX360e/app/src/main/cpp/emulator_ax360e.cpp:18:
C/C++: In file included from D:/ax360e++/aX360e/app/src/main/cpp/vkutil.h:9:
C/C++: In file included from D:/ax360e++/aX360e/app/src/main/cpp/vk_symbols.h:8:
C/C++: D:/ax360e++/aX360e/app/src/main/cpp/vksym.h:8:1: error: unknown type name 'PFN_vkBindImageMemory'
C/C++:     8 | VKFN(vkBindImageMemory);
C/C++:       | ^
C/C++: D:/ax360e++/aX360e/app/src/main/cpp/vk_symbols.h:7:27: note: expanded from macro 'VKFN'
C/C++:     7 | #define VKFN(func) extern PFN_##func func##_
C/C++:       |                           ^
C/C++: <scratch space>:130:1: note: expanded from here
C/C++:   130 | PFN_vkBindImageMemory
C/C++:       | ^
C/C++: In file included from D:/ax360e++/aX360e/app/src/main/cpp/emulator_ax360e.cpp:18:
C/C++: In file included from D:/ax360e++/aX360e/app/src/main/cpp/vkutil.h:9:
C/C++: In file included from D:/ax360e++/aX360e/app/src/main/cpp/vk_symbols.h:8:
C/C++: D:/ax360e++/aX360e/app/src/main/cpp/vksym.h:9:1: error: unknown type name 'PFN_vkCmdBeginConditionalRenderingEXT'
C/C++:     9 | VKFN(vkCmdBeginConditionalRenderingEXT);
C/C++:       | ^
C/C++: D:/ax360e++/aX360e/app/src/main/cpp/vk_symbols.h:7:27: note: expanded from macro 'VKFN'
C/C++:     7 | #define VKFN(func) extern PFN_##func func##_
C/C++:       |                           ^
C/C++: <scratch space>:132:1: note: expanded from here
C/C++:   132 | PFN_vkCmdBeginConditionalRenderingEXT
C/C++:       | ^
C/C++: In file included from D:/ax360e++/aX360e/app/src/main/cpp/emulator_ax360e.cpp:18:
C/C++: In file included from D:/ax360e++/aX360e/app/src/main/cpp/vkutil.h:9:
C/C++: In file included from D:/ax360e++/aX360e/app/src/main/cpp/vk_symbols.h:8:
C/C++: D:/ax360e++/aX360e/app/src/main/cpp/vksym.h:10:1: error: unknown type name 'PFN_vkCmdBeginQuery'
C/C++:    10 | VKFN(vkCmdBeginQuery);
C/C++:       | ^
C/C++: D:/ax360e++/aX360e/app/src/main/cpp/vk_symbols.h:7:27: note: expanded from macro 'VKFN'
C/C++:     7 | #define VKFN(func) extern PFN_##func func##_
C/C++:       |                           ^
C/C++: <scratch space>:134:1: note: expanded from here
C/C++:   134 | PFN_vkCmdBeginQuery
C/C++:       | ^
C/C++: In file included from D:/ax360e++/aX360e/app/src/main/cpp/emulator_ax360e.cpp:18:
C/C++: In file included from D:/ax360e++/aX360e/app/src/main/cpp/vkutil.h:9:
C/C++: In file included from D:/ax360e++/aX360e/app/src/main/cpp/vk_symbols.h:8:
C/C++: D:/ax360e++/aX360e/app/src/main/cpp/vksym.h:11:1: error: unknown type name 'PFN_vkCmdBeginRenderPass'
C/C++:    11 | VKFN(vkCmdBeginRenderPass);
C/C++:       | ^
C/C++: D:/ax360e++/aX360e/app/src/main/cpp/vk_symbols.h:7:27: note: expanded from macro 'VKFN'
C/C++:     7 | #define VKFN(func) extern PFN_##func func##_
C/C++:       |                           ^
C/C++: <scratch space>:136:1: note: expanded from here
C/C++:   136 | PFN_vkCmdBeginRenderPass
C/C++:       | ^
C/C++: In file included from D:/ax360e++/aX360e/app/src/main/cpp/emulator_ax360e.cpp:18:
C/C++: In file included from D:/ax360e++/aX360e/app/src/main/cpp/vkutil.h:9:
C/C++: In file included from D:/ax360e++/aX360e/app/src/main/cpp/vk_symbols.h:8:
C/C++: D:/ax360e++/aX360e/app/src/main/cpp/vksym.h:12:1: error: unknown type name 'PFN_vkCmdBindDescriptorSets'
C/C++:    12 | VKFN(vkCmdBindDescriptorSets);
C/C++:       | ^
C/C++: D:/ax360e++/aX360e/app/src/main/cpp/vk_symbols.h:7:27: note: expanded from macro 'VKFN'
C/C++:     7 | #define VKFN(func) extern PFN_##func func##_
C/C++:       |                           ^
C/C++: <scratch space>:138:1: note: expanded from here
C/C++:   138 | PFN_vkCmdBindDescriptorSets
C/C++:       | ^
C/C++: In file included from D:/ax360e++/aX360e/app/src/main/cpp/emulator_ax360e.cpp:18:
C/C++: In file included from D:/ax360e++/aX360e/app/src/main/cpp/vkutil.h:9:
C/C++: In file included from D:/ax360e++/aX360e/app/src/main/cpp/vk_symbols.h:8:
C/C++: D:/ax360e++/aX360e/app/src/main/cpp/vksym.h:13:1: error: unknown type name 'PFN_vkCmdBindIndexBuffer'
C/C++:    13 | VKFN(vkCmdBindIndexBuffer);
C/C++:       | ^
C/C++: D:/ax360e++/aX360e/app/src/main/cpp/vk_symbols.h:7:27: note: expanded from macro 'VKFN'
C/C++:     7 | #define VKFN(func) extern PFN_##func func##_
C/C++:       |                           ^
C/C++: <scratch space>:140:1: note: expanded from here
C/C++:   140 | PFN_vkCmdBindIndexBuffer
C/C++:       | ^
C/C++: In file included from D:/ax360e++/aX360e/app/src/main/cpp/emulator_ax360e.cpp:18:
C/C++: In file included from D:/ax360e++/aX360e/app/src/main/cpp/vkutil.h:9:
C/C++: In file included from D:/ax360e++/aX360e/app/src/main/cpp/vk_symbols.h:8:
C/C++: D:/ax360e++/aX360e/app/src/main/cpp/vksym.h:14:1: error: unknown type name 'PFN_vkCmdBindPipeline'
C/C++:    14 | VKFN(vkCmdBindPipeline);
C/C++:       | ^
C/C++: D:/ax360e++/aX360e/app/src/main/cpp/vk_symbols.h:7:27: note: expanded from macro 'VKFN'
C/C++:     7 | #define VKFN(func) extern PFN_##func func##_
C/C++:       |                           ^
C/C++: <scratch space>:142:1: note: expanded from here
C/C++:   142 | PFN_vkCmdBindPipeline
C/C++:       | ^
C/C++: In file included from D:/ax360e++/aX360e/app/src/main/cpp/emulator_ax360e.cpp:18:
C/C++: In file included from D:/ax360e++/aX360e/app/src/main/cpp/vkutil.h:9:
C/C++: In file included from D:/ax360e++/aX360e/app/src/main/cpp/vk_symbols.h:8:
C/C++: D:/ax360e++/aX360e/app/src/main/cpp/vksym.h:15:1: error: unknown type name 'PFN_vkCmdBindVertexBuffers'
C/C++:    15 | VKFN(vkCmdBindVertexBuffers);
C/C++:       | ^
C/C++: D:/ax360e++/aX360e/app/src/main/cpp/vk_symbols.h:7:27: note: expanded from macro 'VKFN'
C/C++:     7 | #define VKFN(func) extern PFN_##func func##_
C/C++:       |                           ^
C/C++: <scratch space>:2:1: note: expanded from here
C/C++:     2 | PFN_vkCmdBindVertexBuffers
C/C++:       | ^
C/C++: In file included from D:/ax360e++/aX360e/app/src/main/cpp/emulator_ax360e.cpp:18:
C/C++: In file included from D:/ax360e++/aX360e/app/src/main/cpp/vkutil.h:9:
C/C++: In file included from D:/ax360e++/aX360e/app/src/main/cpp/vk_symbols.h:8:
C/C++: D:/ax360e++/aX360e/app/src/main/cpp/vksym.h:16:1: error: unknown type name 'PFN_vkCmdBlitImage'
C/C++:    16 | VKFN(vkCmdBlitImage);
C/C++:       | ^
C/C++: D:/ax360e++/aX360e/app/src/main/cpp/vk_symbols.h:7:27: note: expanded from macro 'VKFN'
C/C++:     7 | #define VKFN(func) extern PFN_##func func##_
C/C++:       |                           ^
C/C++: <scratch space>:4:1: note: expanded from here
C/C++:     4 | PFN_vkCmdBlitImage
C/C++:       | ^
C/C++: In file included from D:/ax360e++/aX360e/app/src/main/cpp/emulator_ax360e.cpp:18:
C/C++: In file included from D:/ax360e++/aX360e/app/src/main/cpp/vkutil.h:9:
C/C++: In file included from D:/ax360e++/aX360e/app/src/main/cpp/vk_symbols.h:8:
C/C++: D:/ax360e++/aX360e/app/src/main/cpp/vksym.h:17:1: error: unknown type name 'PFN_vkCmdClearAttachments'
C/C++:    17 | VKFN(vkCmdClearAttachments);
C/C++:       | ^
C/C++: D:/ax360e++/aX360e/app/src/main/cpp/vk_symbols.h:7:27: note: expanded from macro 'VKFN'
C/C++:     7 | #define VKFN(func) extern PFN_##func func##_
C/C++:       |                           ^
C/C++: <scratch space>:6:1: note: expanded from here
C/C++:     6 | PFN_vkCmdClearAttachments
C/C++:       | ^
C/C++: In file included from D:/ax360e++/aX360e/app/src/main/cpp/emulator_ax360e.cpp:18:
C/C++: In file included from D:/ax360e++/aX360e/app/src/main/cpp/vkutil.h:9:
C/C++: In file included from D:/ax360e++/aX360e/app/src/main/cpp/vk_symbols.h:8:
C/C++: D:/ax360e++/aX360e/app/src/main/cpp/vksym.h:18:1: error: unknown type name 'PFN_vkCmdClearColorImage'
C/C++:    18 | VKFN(vkCmdClearColorImage);
C/C++:       | ^
C/C++: D:/ax360e++/aX360e/app/src/main/cpp/vk_symbols.h:7:27: note: expanded from macro 'VKFN'
C/C++:     7 | #define VKFN(func) extern PFN_##func func##_
C/C++:       |                           ^
C/C++: <scratch space>:8:1: note: expanded from here
C/C++:     8 | PFN_vkCmdClearColorImage
C/C++:       | ^
C/C++: In file included from D:/ax360e++/aX360e/app/src/main/cpp/emulator_ax360e.cpp:18:
C/C++: In file included from D:/ax360e++/aX360e/app/src/main/cpp/vkutil.h:9:
C/C++: In file included from D:/ax360e++/aX360e/app/src/main/cpp/vk_symbols.h:8:
C/C++: D:/ax360e++/aX360e/app/src/main/cpp/vksym.h:19:1: error: unknown type name 'PFN_vkCmdClearDepthStencilImage'
C/C++:    19 | VKFN(vkCmdClearDepthStencilImage);
C/C++:       | ^
C/C++: D:/ax360e++/aX360e/app/src/main/cpp/vk_symbols.h:7:27: note: expanded from macro 'VKFN'
C/C++:     7 | #define VKFN(func) extern PFN_##func func##_
C/C++:       |                           ^
C/C++: <scratch space>:10:1: note: expanded from here
C/C++:    10 | PFN_vkCmdClearDepthStencilImage
C/C++:       | ^
C/C++: In file included from D:/ax360e++/aX360e/app/src/main/cpp/emulator_ax360e.cpp:18:
C/C++: In file included from D:/ax360e++/aX360e/app/src/main/cpp/vkutil.h:9:
C/C++: In file included from D:/ax360e++/aX360e/app/src/main/cpp/vk_symbols.h:8:
C/C++: D:/ax360e++/aX360e/app/src/main/cpp/vksym.h:20:1: error: unknown type name 'PFN_vkCmdCopyBuffer'
C/C++:    20 | VKFN(vkCmdCopyBuffer);
C/C++:       | ^
C/C++: D:/ax360e++/aX360e/app/src/main/cpp/vk_symbols.h:7:27: note: expanded from macro 'VKFN'
C/C++:     7 | #define VKFN(func) extern PFN_##func func##_
C/C++:       |                           ^
C/C++: <scratch space>:12:1: note: expanded from here
C/C++:    12 | PFN_vkCmdCopyBuffer
C/C++:       | ^
C/C++: fatal error: too many errors emitted, stopping now [-ferror-limit=]
C/C++: 2 warnings and 20 errors generated.
C/C++: Received process result: 1

> Task :app:buildCMakeDebug[arm64-v8a] FAILED
2 actionable tasks: 2 executed
Watched directory hierarchies: [D:\ax360e++\aX360e]
